MPLINK 5.09, LINKER
Linker Map File - Created Tue Jan 30 10:04:21 2024

                                 Section Info
                  Section       Type    Address   Location Size(Bytes)
                ---------  ---------  ---------  ---------  ---------
                 RES_VECT       code   0x000000    program   0x000004
                   .cinit    romdata   0x000004    program   0x000002
                MAIN_PROG       code   0x000006    program   0x000038
.config_300000_BUILD/DEFAULT/DEBUG/TESTBOUTON.O    romdata   0x300000    program   0x000001
.config_300001_BUILD/DEFAULT/DEBUG/TESTBOUTON.O    romdata   0x300001    program   0x000001
.config_300002_BUILD/DEFAULT/DEBUG/TESTBOUTON.O    romdata   0x300002    program   0x000001
.config_300003_BUILD/DEFAULT/DEBUG/TESTBOUTON.O    romdata   0x300003    program   0x000001
.config_300004_BUILD/DEFAULT/DEBUG/TESTBOUTON.O    romdata   0x300004    program   0x000001
.config_300005_BUILD/DEFAULT/DEBUG/TESTBOUTON.O    romdata   0x300005    program   0x000001
.config_300006_BUILD/DEFAULT/DEBUG/TESTBOUTON.O    romdata   0x300006    program   0x000001
.config_300007_BUILD/DEFAULT/DEBUG/TESTBOUTON.O    romdata   0x300007    program   0x000001
.config_300008_BUILD/DEFAULT/DEBUG/TESTBOUTON.O    romdata   0x300008    program   0x000001
.config_30000A_BUILD/DEFAULT/DEBUG/TESTBOUTON.O    romdata   0x30000a    program   0x000001
.config_30000B_BUILD/DEFAULT/DEBUG/TESTBOUTON.O    romdata   0x30000b    program   0x000001
                  GPR_VAR      udata   0x000060       data   0x000003



                              Program Memory Usage 
                               Start         End      
                           ---------   ---------      
                            0x000000    0x00003d      
                            0x300000    0x300008      
                            0x30000a    0x30000b      
            73 out of 33054 program addresses used, program memory utilization is 0%



                              Symbols - Sorted by Name
                     Name    Address   Location    Storage File                     
                ---------  ---------  ---------  --------- ---------                
                 MainLoop   0x00001a    program     static C:\Users\nolan\MPLABXProjects\TESTBOUTON.X\TESTBOUTON.asm
                   START0   0x000006    program     static C:\Users\nolan\MPLABXProjects\TESTBOUTON.X\TESTBOUTON.asm
               Shift_Left   0x00002a    program     static C:\Users\nolan\MPLABXProjects\TESTBOUTON.X\TESTBOUTON.asm
              Shift_Right   0x000034    program     static C:\Users\nolan\MPLABXProjects\TESTBOUTON.X\TESTBOUTON.asm
                     cpt1   0x000060       data     static C:\Users\nolan\MPLABXProjects\TESTBOUTON.X\TESTBOUTON.asm
                     cpt2   0x000061       data     static C:\Users\nolan\MPLABXProjects\TESTBOUTON.X\TESTBOUTON.asm
                     cpt3   0x000062       data     static C:\Users\nolan\MPLABXProjects\TESTBOUTON.X\TESTBOUTON.asm



                              Symbols - Sorted by Address
                     Name    Address   Location    Storage File                     
                ---------  ---------  ---------  --------- ---------                
                   START0   0x000006    program     static C:\Users\nolan\MPLABXProjects\TESTBOUTON.X\TESTBOUTON.asm
                 MainLoop   0x00001a    program     static C:\Users\nolan\MPLABXProjects\TESTBOUTON.X\TESTBOUTON.asm
               Shift_Left   0x00002a    program     static C:\Users\nolan\MPLABXProjects\TESTBOUTON.X\TESTBOUTON.asm
              Shift_Right   0x000034    program     static C:\Users\nolan\MPLABXProjects\TESTBOUTON.X\TESTBOUTON.asm
                     cpt1   0x000060       data     static C:\Users\nolan\MPLABXProjects\TESTBOUTON.X\TESTBOUTON.asm
                     cpt2   0x000061       data     static C:\Users\nolan\MPLABXProjects\TESTBOUTON.X\TESTBOUTON.asm
                     cpt3   0x000062       data     static C:\Users\nolan\MPLABXProjects\TESTBOUTON.X\TESTBOUTON.asm


