MPLINK 5.09, LINKER
Linker Map File - Created Thu Feb 01 08:48:45 2024

                                 Section Info
                  Section       Type    Address   Location Size(Bytes)
                ---------  ---------  ---------  ---------  ---------
                 RES_VECT       code   0x000000    program   0x000004
                   .cinit    romdata   0x000004    program   0x000002
                MAIN_PROG       code   0x000006    program   0x000d0c
.config_300000_BUILD/DEFAULT/PRODUCTION/RGB.O    romdata   0x300000    program   0x000001
.config_300001_BUILD/DEFAULT/PRODUCTION/RGB.O    romdata   0x300001    program   0x000001
.config_300002_BUILD/DEFAULT/PRODUCTION/RGB.O    romdata   0x300002    program   0x000001
.config_300003_BUILD/DEFAULT/PRODUCTION/RGB.O    romdata   0x300003    program   0x000001
.config_300004_BUILD/DEFAULT/PRODUCTION/RGB.O    romdata   0x300004    program   0x000001
.config_300005_BUILD/DEFAULT/PRODUCTION/RGB.O    romdata   0x300005    program   0x000001
.config_300006_BUILD/DEFAULT/PRODUCTION/RGB.O    romdata   0x300006    program   0x000001
.config_300007_BUILD/DEFAULT/PRODUCTION/RGB.O    romdata   0x300007    program   0x000001
.config_300008_BUILD/DEFAULT/PRODUCTION/RGB.O    romdata   0x300008    program   0x000001
.config_30000A_BUILD/DEFAULT/PRODUCTION/RGB.O    romdata   0x30000a    program   0x000001
.config_30000B_BUILD/DEFAULT/PRODUCTION/RGB.O    romdata   0x30000b    program   0x000001
                  INT_VAR      udata   0x000000       data   0x000007



                              Program Memory Usage 
                               Start         End      
                           ---------   ---------      
                            0x000000    0x000d11      
                            0x300000    0x300008      
                            0x30000a    0x30000b      
            3357 out of 33054 program addresses used, program memory utilization is 10%



                              Symbols - Sorted by Name
                     Name    Address   Location    Storage File                     
                ---------  ---------  ---------  --------- ---------                
               Animation1   0x000094    program     static C:\Users\nolan\MPLABXProjects\TESTRGB.X\RGB.asm
                    BEGIN   0x000006    program     static C:\Users\nolan\MPLABXProjects\TESTRGB.X\RGB.asm
                   BOUCLE   0x000076    program     static C:\Users\nolan\MPLABXProjects\TESTRGB.X\RGB.asm
               Delay160ms   0x00007e    program     static C:\Users\nolan\MPLABXProjects\TESTRGB.X\RGB.asm
           DelayInnerLoop   0x000086    program     static C:\Users\nolan\MPLABXProjects\TESTRGB.X\RGB.asm
           DelayOuterLoop   0x000082    program     static C:\Users\nolan\MPLABXProjects\TESTRGB.X\RGB.asm
                    LED_0   0x000cd4    program     static C:\Users\nolan\MPLABXProjects\TESTRGB.X\RGB.asm
                    LED_1   0x000cde    program     static C:\Users\nolan\MPLABXProjects\TESTRGB.X\RGB.asm
                    LED_2   0x000ce4    program     static C:\Users\nolan\MPLABXProjects\TESTRGB.X\RGB.asm
                    LED_3   0x000cea    program     static C:\Users\nolan\MPLABXProjects\TESTRGB.X\RGB.asm
                    LED_4   0x000cf0    program     static C:\Users\nolan\MPLABXProjects\TESTRGB.X\RGB.asm
                    LED_5   0x000cf6    program     static C:\Users\nolan\MPLABXProjects\TESTRGB.X\RGB.asm
                    LED_6   0x000d00    program     static C:\Users\nolan\MPLABXProjects\TESTRGB.X\RGB.asm
                    LED_7   0x000d06    program     static C:\Users\nolan\MPLABXProjects\TESTRGB.X\RGB.asm
                LED_RESET   0x000d0c    program     static C:\Users\nolan\MPLABXProjects\TESTRGB.X\RGB.asm
               all_blue_1   0x0001e2    program     static C:\Users\nolan\MPLABXProjects\TESTRGB.X\RGB.asm
               all_blue_2   0x0001f8    program     static C:\Users\nolan\MPLABXProjects\TESTRGB.X\RGB.asm
               all_blue_3   0x00020e    program     static C:\Users\nolan\MPLABXProjects\TESTRGB.X\RGB.asm
               all_blue_4   0x000224    program     static C:\Users\nolan\MPLABXProjects\TESTRGB.X\RGB.asm
               all_blue_5   0x00023a    program     static C:\Users\nolan\MPLABXProjects\TESTRGB.X\RGB.asm
               all_blue_6   0x000250    program     static C:\Users\nolan\MPLABXProjects\TESTRGB.X\RGB.asm
               all_blue_7   0x000266    program     static C:\Users\nolan\MPLABXProjects\TESTRGB.X\RGB.asm
               all_blue_8   0x00027c    program     static C:\Users\nolan\MPLABXProjects\TESTRGB.X\RGB.asm
              all_green_1   0x000132    program     static C:\Users\nolan\MPLABXProjects\TESTRGB.X\RGB.asm
              all_green_2   0x000148    program     static C:\Users\nolan\MPLABXProjects\TESTRGB.X\RGB.asm
              all_green_3   0x00015e    program     static C:\Users\nolan\MPLABXProjects\TESTRGB.X\RGB.asm
              all_green_4   0x000174    program     static C:\Users\nolan\MPLABXProjects\TESTRGB.X\RGB.asm
              all_green_5   0x00018a    program     static C:\Users\nolan\MPLABXProjects\TESTRGB.X\RGB.asm
              all_green_6   0x0001a0    program     static C:\Users\nolan\MPLABXProjects\TESTRGB.X\RGB.asm
              all_green_7   0x0001b6    program     static C:\Users\nolan\MPLABXProjects\TESTRGB.X\RGB.asm
              all_green_8   0x0001cc    program     static C:\Users\nolan\MPLABXProjects\TESTRGB.X\RGB.asm
                all_red_1   0x000292    program     static C:\Users\nolan\MPLABXProjects\TESTRGB.X\RGB.asm
                all_red_2   0x0002a8    program     static C:\Users\nolan\MPLABXProjects\TESTRGB.X\RGB.asm
                all_red_3   0x0002be    program     static C:\Users\nolan\MPLABXProjects\TESTRGB.X\RGB.asm
                all_red_4   0x0002d4    program     static C:\Users\nolan\MPLABXProjects\TESTRGB.X\RGB.asm
                all_red_5   0x0002ea    program     static C:\Users\nolan\MPLABXProjects\TESTRGB.X\RGB.asm
                all_red_6   0x000300    program     static C:\Users\nolan\MPLABXProjects\TESTRGB.X\RGB.asm
                all_red_7   0x000316    program     static C:\Users\nolan\MPLABXProjects\TESTRGB.X\RGB.asm
                all_red_8   0x00032c    program     static C:\Users\nolan\MPLABXProjects\TESTRGB.X\RGB.asm
             color_blue_1   0x0009c4    program     static C:\Users\nolan\MPLABXProjects\TESTRGB.X\RGB.asm
             color_blue_2   0x000a26    program     static C:\Users\nolan\MPLABXProjects\TESTRGB.X\RGB.asm
             color_blue_3   0x000a88    program     static C:\Users\nolan\MPLABXProjects\TESTRGB.X\RGB.asm
             color_blue_4   0x000aea    program     static C:\Users\nolan\MPLABXProjects\TESTRGB.X\RGB.asm
             color_blue_5   0x000b4c    program     static C:\Users\nolan\MPLABXProjects\TESTRGB.X\RGB.asm
             color_blue_6   0x000bae    program     static C:\Users\nolan\MPLABXProjects\TESTRGB.X\RGB.asm
             color_blue_7   0x000c10    program     static C:\Users\nolan\MPLABXProjects\TESTRGB.X\RGB.asm
             color_blue_8   0x000c72    program     static C:\Users\nolan\MPLABXProjects\TESTRGB.X\RGB.asm
            color_green_1   0x0003a4    program     static C:\Users\nolan\MPLABXProjects\TESTRGB.X\RGB.asm
            color_green_2   0x000406    program     static C:\Users\nolan\MPLABXProjects\TESTRGB.X\RGB.asm
            color_green_3   0x000468    program     static C:\Users\nolan\MPLABXProjects\TESTRGB.X\RGB.asm
            color_green_4   0x0004ca    program     static C:\Users\nolan\MPLABXProjects\TESTRGB.X\RGB.asm
            color_green_5   0x00052c    program     static C:\Users\nolan\MPLABXProjects\TESTRGB.X\RGB.asm
            color_green_6   0x00058e    program     static C:\Users\nolan\MPLABXProjects\TESTRGB.X\RGB.asm
            color_green_7   0x0005f0    program     static C:\Users\nolan\MPLABXProjects\TESTRGB.X\RGB.asm
            color_green_8   0x000652    program     static C:\Users\nolan\MPLABXProjects\TESTRGB.X\RGB.asm
                color_off   0x000342    program     static C:\Users\nolan\MPLABXProjects\TESTRGB.X\RGB.asm
              color_red_1   0x0006b4    program     static C:\Users\nolan\MPLABXProjects\TESTRGB.X\RGB.asm
              color_red_2   0x000716    program     static C:\Users\nolan\MPLABXProjects\TESTRGB.X\RGB.asm
              color_red_3   0x000778    program     static C:\Users\nolan\MPLABXProjects\TESTRGB.X\RGB.asm
              color_red_4   0x0007da    program     static C:\Users\nolan\MPLABXProjects\TESTRGB.X\RGB.asm
              color_red_5   0x00083c    program     static C:\Users\nolan\MPLABXProjects\TESTRGB.X\RGB.asm
              color_red_6   0x00089e    program     static C:\Users\nolan\MPLABXProjects\TESTRGB.X\RGB.asm
              color_red_7   0x000900    program     static C:\Users\nolan\MPLABXProjects\TESTRGB.X\RGB.asm
              color_red_8   0x000962    program     static C:\Users\nolan\MPLABXProjects\TESTRGB.X\RGB.asm
                    send0   0x0000e6    program     static C:\Users\nolan\MPLABXProjects\TESTRGB.X\RGB.asm
                    send1   0x00010a    program     static C:\Users\nolan\MPLABXProjects\TESTRGB.X\RGB.asm
                   NB_LED   0x000000       data     static C:\Users\nolan\MPLABXProjects\TESTRGB.X\RGB.asm
                 RESULTHI   0x000001       data     static C:\Users\nolan\MPLABXProjects\TESTRGB.X\RGB.asm
                 RESULTLO   0x000002       data     static C:\Users\nolan\MPLABXProjects\TESTRGB.X\RGB.asm
                     cpt1   0x000004       data     static C:\Users\nolan\MPLABXProjects\TESTRGB.X\RGB.asm
                     cpt2   0x000005       data     static C:\Users\nolan\MPLABXProjects\TESTRGB.X\RGB.asm
                    incre   0x000003       data     static C:\Users\nolan\MPLABXProjects\TESTRGB.X\RGB.asm



                              Symbols - Sorted by Address
                     Name    Address   Location    Storage File                     
                ---------  ---------  ---------  --------- ---------                
                    BEGIN   0x000006    program     static C:\Users\nolan\MPLABXProjects\TESTRGB.X\RGB.asm
                   BOUCLE   0x000076    program     static C:\Users\nolan\MPLABXProjects\TESTRGB.X\RGB.asm
               Delay160ms   0x00007e    program     static C:\Users\nolan\MPLABXProjects\TESTRGB.X\RGB.asm
           DelayOuterLoop   0x000082    program     static C:\Users\nolan\MPLABXProjects\TESTRGB.X\RGB.asm
           DelayInnerLoop   0x000086    program     static C:\Users\nolan\MPLABXProjects\TESTRGB.X\RGB.asm
               Animation1   0x000094    program     static C:\Users\nolan\MPLABXProjects\TESTRGB.X\RGB.asm
                    send0   0x0000e6    program     static C:\Users\nolan\MPLABXProjects\TESTRGB.X\RGB.asm
                    send1   0x00010a    program     static C:\Users\nolan\MPLABXProjects\TESTRGB.X\RGB.asm
              all_green_1   0x000132    program     static C:\Users\nolan\MPLABXProjects\TESTRGB.X\RGB.asm
              all_green_2   0x000148    program     static C:\Users\nolan\MPLABXProjects\TESTRGB.X\RGB.asm
              all_green_3   0x00015e    program     static C:\Users\nolan\MPLABXProjects\TESTRGB.X\RGB.asm
              all_green_4   0x000174    program     static C:\Users\nolan\MPLABXProjects\TESTRGB.X\RGB.asm
              all_green_5   0x00018a    program     static C:\Users\nolan\MPLABXProjects\TESTRGB.X\RGB.asm
              all_green_6   0x0001a0    program     static C:\Users\nolan\MPLABXProjects\TESTRGB.X\RGB.asm
              all_green_7   0x0001b6    program     static C:\Users\nolan\MPLABXProjects\TESTRGB.X\RGB.asm
              all_green_8   0x0001cc    program     static C:\Users\nolan\MPLABXProjects\TESTRGB.X\RGB.asm
               all_blue_1   0x0001e2    program     static C:\Users\nolan\MPLABXProjects\TESTRGB.X\RGB.asm
               all_blue_2   0x0001f8    program     static C:\Users\nolan\MPLABXProjects\TESTRGB.X\RGB.asm
               all_blue_3   0x00020e    program     static C:\Users\nolan\MPLABXProjects\TESTRGB.X\RGB.asm
               all_blue_4   0x000224    program     static C:\Users\nolan\MPLABXProjects\TESTRGB.X\RGB.asm
               all_blue_5   0x00023a    program     static C:\Users\nolan\MPLABXProjects\TESTRGB.X\RGB.asm
               all_blue_6   0x000250    program     static C:\Users\nolan\MPLABXProjects\TESTRGB.X\RGB.asm
               all_blue_7   0x000266    program     static C:\Users\nolan\MPLABXProjects\TESTRGB.X\RGB.asm
               all_blue_8   0x00027c    program     static C:\Users\nolan\MPLABXProjects\TESTRGB.X\RGB.asm
                all_red_1   0x000292    program     static C:\Users\nolan\MPLABXProjects\TESTRGB.X\RGB.asm
                all_red_2   0x0002a8    program     static C:\Users\nolan\MPLABXProjects\TESTRGB.X\RGB.asm
                all_red_3   0x0002be    program     static C:\Users\nolan\MPLABXProjects\TESTRGB.X\RGB.asm
                all_red_4   0x0002d4    program     static C:\Users\nolan\MPLABXProjects\TESTRGB.X\RGB.asm
                all_red_5   0x0002ea    program     static C:\Users\nolan\MPLABXProjects\TESTRGB.X\RGB.asm
                all_red_6   0x000300    program     static C:\Users\nolan\MPLABXProjects\TESTRGB.X\RGB.asm
                all_red_7   0x000316    program     static C:\Users\nolan\MPLABXProjects\TESTRGB.X\RGB.asm
                all_red_8   0x00032c    program     static C:\Users\nolan\MPLABXProjects\TESTRGB.X\RGB.asm
                color_off   0x000342    program     static C:\Users\nolan\MPLABXProjects\TESTRGB.X\RGB.asm
            color_green_1   0x0003a4    program     static C:\Users\nolan\MPLABXProjects\TESTRGB.X\RGB.asm
            color_green_2   0x000406    program     static C:\Users\nolan\MPLABXProjects\TESTRGB.X\RGB.asm
            color_green_3   0x000468    program     static C:\Users\nolan\MPLABXProjects\TESTRGB.X\RGB.asm
            color_green_4   0x0004ca    program     static C:\Users\nolan\MPLABXProjects\TESTRGB.X\RGB.asm
            color_green_5   0x00052c    program     static C:\Users\nolan\MPLABXProjects\TESTRGB.X\RGB.asm
            color_green_6   0x00058e    program     static C:\Users\nolan\MPLABXProjects\TESTRGB.X\RGB.asm
            color_green_7   0x0005f0    program     static C:\Users\nolan\MPLABXProjects\TESTRGB.X\RGB.asm
            color_green_8   0x000652    program     static C:\Users\nolan\MPLABXProjects\TESTRGB.X\RGB.asm
              color_red_1   0x0006b4    program     static C:\Users\nolan\MPLABXProjects\TESTRGB.X\RGB.asm
              color_red_2   0x000716    program     static C:\Users\nolan\MPLABXProjects\TESTRGB.X\RGB.asm
              color_red_3   0x000778    program     static C:\Users\nolan\MPLABXProjects\TESTRGB.X\RGB.asm
              color_red_4   0x0007da    program     static C:\Users\nolan\MPLABXProjects\TESTRGB.X\RGB.asm
              color_red_5   0x00083c    program     static C:\Users\nolan\MPLABXProjects\TESTRGB.X\RGB.asm
              color_red_6   0x00089e    program     static C:\Users\nolan\MPLABXProjects\TESTRGB.X\RGB.asm
              color_red_7   0x000900    program     static C:\Users\nolan\MPLABXProjects\TESTRGB.X\RGB.asm
              color_red_8   0x000962    program     static C:\Users\nolan\MPLABXProjects\TESTRGB.X\RGB.asm
             color_blue_1   0x0009c4    program     static C:\Users\nolan\MPLABXProjects\TESTRGB.X\RGB.asm
             color_blue_2   0x000a26    program     static C:\Users\nolan\MPLABXProjects\TESTRGB.X\RGB.asm
             color_blue_3   0x000a88    program     static C:\Users\nolan\MPLABXProjects\TESTRGB.X\RGB.asm
             color_blue_4   0x000aea    program     static C:\Users\nolan\MPLABXProjects\TESTRGB.X\RGB.asm
             color_blue_5   0x000b4c    program     static C:\Users\nolan\MPLABXProjects\TESTRGB.X\RGB.asm
             color_blue_6   0x000bae    program     static C:\Users\nolan\MPLABXProjects\TESTRGB.X\RGB.asm
             color_blue_7   0x000c10    program     static C:\Users\nolan\MPLABXProjects\TESTRGB.X\RGB.asm
             color_blue_8   0x000c72    program     static C:\Users\nolan\MPLABXProjects\TESTRGB.X\RGB.asm
                    LED_0   0x000cd4    program     static C:\Users\nolan\MPLABXProjects\TESTRGB.X\RGB.asm
                    LED_1   0x000cde    program     static C:\Users\nolan\MPLABXProjects\TESTRGB.X\RGB.asm
                    LED_2   0x000ce4    program     static C:\Users\nolan\MPLABXProjects\TESTRGB.X\RGB.asm
                    LED_3   0x000cea    program     static C:\Users\nolan\MPLABXProjects\TESTRGB.X\RGB.asm
                    LED_4   0x000cf0    program     static C:\Users\nolan\MPLABXProjects\TESTRGB.X\RGB.asm
                    LED_5   0x000cf6    program     static C:\Users\nolan\MPLABXProjects\TESTRGB.X\RGB.asm
                    LED_6   0x000d00    program     static C:\Users\nolan\MPLABXProjects\TESTRGB.X\RGB.asm
                    LED_7   0x000d06    program     static C:\Users\nolan\MPLABXProjects\TESTRGB.X\RGB.asm
                LED_RESET   0x000d0c    program     static C:\Users\nolan\MPLABXProjects\TESTRGB.X\RGB.asm
                   NB_LED   0x000000       data     static C:\Users\nolan\MPLABXProjects\TESTRGB.X\RGB.asm
                 RESULTHI   0x000001       data     static C:\Users\nolan\MPLABXProjects\TESTRGB.X\RGB.asm
                 RESULTLO   0x000002       data     static C:\Users\nolan\MPLABXProjects\TESTRGB.X\RGB.asm
                    incre   0x000003       data     static C:\Users\nolan\MPLABXProjects\TESTRGB.X\RGB.asm
                     cpt1   0x000004       data     static C:\Users\nolan\MPLABXProjects\TESTRGB.X\RGB.asm
                     cpt2   0x000005       data     static C:\Users\nolan\MPLABXProjects\TESTRGB.X\RGB.asm


