MPLINK 5.09, LINKER
Linker Map File - Created Wed Nov 15 10:27:12 2023

                                 Section Info
                  Section       Type    Address   Location Size(Bytes)
                ---------  ---------  ---------  ---------  ---------
                 RES_VECT       code   0x000000    program   0x000004
                   .cinit    romdata   0x000004    program   0x000002
                MAIN_PROG       code   0x000006    program   0x00001e
                   groupc      udata   0x000100       data   0x000020



                              Program Memory Usage 
                               Start         End      
                           ---------   ---------      
                            0x000000    0x000023      
            36 out of 8472 program addresses used, program memory utilization is 0%



                              Symbols - Sorted by Name
                     Name    Address   Location    Storage File                     
                ---------  ---------  ---------  --------- ---------                
                   Boucle   0x00000e    program     static C:\Users\Administrateur\MPLABXProjects\EX2.X\EX2.asm
           ContinueBoucle   0x00001e    program     static C:\Users\Administrateur\MPLABXProjects\EX2.X\EX2.asm
                FinBoucle   0x000024    program     static C:\Users\Administrateur\MPLABXProjects\EX2.X\EX2.asm
                     Main   0x000006    program     static C:\Users\Administrateur\MPLABXProjects\EX2.X\EX2.asm
                        i   0x000110       data     static C:\Users\Administrateur\MPLABXProjects\EX2.X\EX2.asm
                    somme   0x000100       data     static C:\Users\Administrateur\MPLABXProjects\EX2.X\EX2.asm



                              Symbols - Sorted by Address
                     Name    Address   Location    Storage File                     
                ---------  ---------  ---------  --------- ---------                
                     Main   0x000006    program     static C:\Users\Administrateur\MPLABXProjects\EX2.X\EX2.asm
                   Boucle   0x00000e    program     static C:\Users\Administrateur\MPLABXProjects\EX2.X\EX2.asm
           ContinueBoucle   0x00001e    program     static C:\Users\Administrateur\MPLABXProjects\EX2.X\EX2.asm
                FinBoucle   0x000024    program     static C:\Users\Administrateur\MPLABXProjects\EX2.X\EX2.asm
                    somme   0x000100       data     static C:\Users\Administrateur\MPLABXProjects\EX2.X\EX2.asm
                        i   0x000110       data     static C:\Users\Administrateur\MPLABXProjects\EX2.X\EX2.asm


