MPLINK 5.09, LINKER
Linker Map File - Created Wed Nov 29 08:55:26 2023

                                 Section Info
                  Section       Type    Address   Location Size(Bytes)
                ---------  ---------  ---------  ---------  ---------
                   .org_0       code   0x000000    program   0x000004
                   .cinit    romdata   0x000004    program   0x000002
                   .org_1       code   0x000100    program   0x00003e



                              Program Memory Usage 
                               Start         End      
                           ---------   ---------      
                            0x000000    0x000005      
                            0x000100    0x00013d      
            68 out of 8472 program addresses used, program memory utilization is 0%



                              Symbols - Sorted by Name
                     Name    Address   Location    Storage File                     
                ---------  ---------  ---------  --------- ---------                
        Boucle_Principale   0x000130    program     static C:\Users\Administrateur\MPLABXProjects\TP_EX7.X\EX7.asm
                      Fin   0x00013e    program     static C:\Users\Administrateur\MPLABXProjects\TP_EX7.X\EX7.asm
                     MAIN   0x000126    program     static C:\Users\Administrateur\MPLABXProjects\TP_EX7.X\EX7.asm
          cherche_min_max   0x000108    program     static C:\Users\Administrateur\MPLABXProjects\TP_EX7.X\EX7.asm



                              Symbols - Sorted by Address
                     Name    Address   Location    Storage File                     
                ---------  ---------  ---------  --------- ---------                
          cherche_min_max   0x000108    program     static C:\Users\Administrateur\MPLABXProjects\TP_EX7.X\EX7.asm
                     MAIN   0x000126    program     static C:\Users\Administrateur\MPLABXProjects\TP_EX7.X\EX7.asm
        Boucle_Principale   0x000130    program     static C:\Users\Administrateur\MPLABXProjects\TP_EX7.X\EX7.asm
                      Fin   0x00013e    program     static C:\Users\Administrateur\MPLABXProjects\TP_EX7.X\EX7.asm


