MPLINK 5.09, LINKER
Linker Map File - Created Tue Nov 28 22:48:37 2023

                                 Section Info
                  Section       Type    Address   Location Size(Bytes)
                ---------  ---------  ---------  ---------  ---------
                   .org_0       code   0x000000    program   0x00006e
                   .cinit    romdata   0x00006e    program   0x000002



                              Program Memory Usage 
                               Start         End      
                           ---------   ---------      
                            0x000000    0x00006f      
            112 out of 8472 program addresses used, program memory utilization is 1%



                              Symbols - Sorted by Name
                     Name    Address   Location    Storage File                     
                ---------  ---------  ---------  --------- ---------                
               Boucle_Max   0x000052    program     static C:\Users\Administrateur\MPLABXProjects\TP_EX5.X\EX5.asm
               Boucle_Min   0x00002e    program     static C:\Users\Administrateur\MPLABXProjects\TP_EX5.X\EX5.asm
                  Fin_Max   0x000060    program     static C:\Users\Administrateur\MPLABXProjects\TP_EX5.X\EX5.asm
                  Fin_Min   0x00003c    program     static C:\Users\Administrateur\MPLABXProjects\TP_EX5.X\EX5.asm
                     MAIN   0x000062    program     static C:\Users\Administrateur\MPLABXProjects\TP_EX5.X\EX5.asm
              cherche_max   0x00003e    program     static C:\Users\Administrateur\MPLABXProjects\TP_EX5.X\EX5.asm
              cherche_min   0x00001a    program     static C:\Users\Administrateur\MPLABXProjects\TP_EX5.X\EX5.asm
           ecrire_tableau   0x000004    program     static C:\Users\Administrateur\MPLABXProjects\TP_EX5.X\EX5.asm



                              Symbols - Sorted by Address
                     Name    Address   Location    Storage File                     
                ---------  ---------  ---------  --------- ---------                
           ecrire_tableau   0x000004    program     static C:\Users\Administrateur\MPLABXProjects\TP_EX5.X\EX5.asm
              cherche_min   0x00001a    program     static C:\Users\Administrateur\MPLABXProjects\TP_EX5.X\EX5.asm
               Boucle_Min   0x00002e    program     static C:\Users\Administrateur\MPLABXProjects\TP_EX5.X\EX5.asm
                  Fin_Min   0x00003c    program     static C:\Users\Administrateur\MPLABXProjects\TP_EX5.X\EX5.asm
              cherche_max   0x00003e    program     static C:\Users\Administrateur\MPLABXProjects\TP_EX5.X\EX5.asm
               Boucle_Max   0x000052    program     static C:\Users\Administrateur\MPLABXProjects\TP_EX5.X\EX5.asm
                  Fin_Max   0x000060    program     static C:\Users\Administrateur\MPLABXProjects\TP_EX5.X\EX5.asm
                     MAIN   0x000062    program     static C:\Users\Administrateur\MPLABXProjects\TP_EX5.X\EX5.asm


