MPLINK 5.09, LINKER
Linker Map File - Created Tue Nov 28 23:08:26 2023

                                 Section Info
                  Section       Type    Address   Location Size(Bytes)
                ---------  ---------  ---------  ---------  ---------
                   .org_0       code   0x000000    program   0x000032
                   .cinit    romdata   0x000032    program   0x000002
.config_300001_BUILD/DEFAULT/PRODUCTION/EX8.O    romdata   0x300001    program   0x000001
.config_300003_BUILD/DEFAULT/PRODUCTION/EX8.O    romdata   0x300003    program   0x000001
.config_300006_BUILD/DEFAULT/PRODUCTION/EX8.O    romdata   0x300006    program   0x000001



                              Program Memory Usage 
                               Start         End      
                           ---------   ---------      
                            0x000000    0x000033      
                            0x300001    0x300001      
                            0x300003    0x300003      
                            0x300006    0x300006      
            55 out of 8472 program addresses used, program memory utilization is 0%



                              Symbols - Sorted by Name
                     Name    Address   Location    Storage File                     
                ---------  ---------  ---------  --------- ---------                
             Boucle_Delay   0x000028    program     static C:\Users\Administrateur\MPLABXProjects\TP_EX8.X\EX8.asm
              Boucle_LEDs   0x00000c    program     static C:\Users\Administrateur\MPLABXProjects\TP_EX8.X\EX8.asm
                    Delay   0x000024    program     static C:\Users\Administrateur\MPLABXProjects\TP_EX8.X\EX8.asm
                Fin_Delay   0x000030    program     static C:\Users\Administrateur\MPLABXProjects\TP_EX8.X\EX8.asm
                     MAIN   0x000004    program     static C:\Users\Administrateur\MPLABXProjects\TP_EX8.X\EX8.asm



                              Symbols - Sorted by Address
                     Name    Address   Location    Storage File                     
                ---------  ---------  ---------  --------- ---------                
                     MAIN   0x000004    program     static C:\Users\Administrateur\MPLABXProjects\TP_EX8.X\EX8.asm
              Boucle_LEDs   0x00000c    program     static C:\Users\Administrateur\MPLABXProjects\TP_EX8.X\EX8.asm
                    Delay   0x000024    program     static C:\Users\Administrateur\MPLABXProjects\TP_EX8.X\EX8.asm
             Boucle_Delay   0x000028    program     static C:\Users\Administrateur\MPLABXProjects\TP_EX8.X\EX8.asm
                Fin_Delay   0x000030    program     static C:\Users\Administrateur\MPLABXProjects\TP_EX8.X\EX8.asm


