MPLINK 5.09, LINKER
Linker Map File - Created Tue Nov 28 23:22:17 2023

                                 Section Info
                  Section       Type    Address   Location Size(Bytes)
                ---------  ---------  ---------  ---------  ---------
                   .org_0       code   0x000000    program   0x000004
                   .cinit    romdata   0x000004    program   0x000002
                   .org_1       code   0x000008    program   0x000042
.config_300001_BUILD/DEFAULT/PRODUCTION/EX11.O    romdata   0x300001    program   0x000001
.config_300003_BUILD/DEFAULT/PRODUCTION/EX11.O    romdata   0x300003    program   0x000001
.config_300005_BUILD/DEFAULT/PRODUCTION/EX11.O    romdata   0x300005    program   0x000001
.config_300006_BUILD/DEFAULT/PRODUCTION/EX11.O    romdata   0x300006    program   0x000001



                              Program Memory Usage 
                               Start         End      
                           ---------   ---------      
                            0x000000    0x000005      
                            0x000008    0x000049      
                            0x300001    0x300001      
                            0x300003    0x300003      
                            0x300005    0x300006      
            76 out of 8472 program addresses used, program memory utilization is 0%



                              Symbols - Sorted by Name
                     Name    Address   Location    Storage File                     
                ---------  ---------  ---------  --------- ---------                
                      ISR   0x00000c    program     static C:\Users\Administrateur\MPLABXProjects\TP_EX11.X\EX11.asm
                     MAIN   0x00001e    program     static C:\Users\Administrateur\MPLABXProjects\TP_EX11.X\EX11.asm
               StartTimer   0x00003a    program     static C:\Users\Administrateur\MPLABXProjects\TP_EX11.X\EX11.asm
                StopTimer   0x000046    program     static C:\Users\Administrateur\MPLABXProjects\TP_EX11.X\EX11.asm
              ToggleTimer   0x000030    program     static C:\Users\Administrateur\MPLABXProjects\TP_EX11.X\EX11.asm
        boucle_principale   0x00002c    program     static C:\Users\Administrateur\MPLABXProjects\TP_EX11.X\EX11.asm



                              Symbols - Sorted by Address
                     Name    Address   Location    Storage File                     
                ---------  ---------  ---------  --------- ---------                
                      ISR   0x00000c    program     static C:\Users\Administrateur\MPLABXProjects\TP_EX11.X\EX11.asm
                     MAIN   0x00001e    program     static C:\Users\Administrateur\MPLABXProjects\TP_EX11.X\EX11.asm
        boucle_principale   0x00002c    program     static C:\Users\Administrateur\MPLABXProjects\TP_EX11.X\EX11.asm
              ToggleTimer   0x000030    program     static C:\Users\Administrateur\MPLABXProjects\TP_EX11.X\EX11.asm
               StartTimer   0x00003a    program     static C:\Users\Administrateur\MPLABXProjects\TP_EX11.X\EX11.asm
                StopTimer   0x000046    program     static C:\Users\Administrateur\MPLABXProjects\TP_EX11.X\EX11.asm


