MPLINK 5.09, LINKER
Linker Map File - Created Tue Nov 28 23:29:02 2023

                                 Section Info
                  Section       Type    Address   Location Size(Bytes)
                ---------  ---------  ---------  ---------  ---------
                   .org_0       code   0x000000    program   0x000044
                   .cinit    romdata   0x000044    program   0x000002
.config_300001_BUILD/DEFAULT/PRODUCTION/EX13.O    romdata   0x300001    program   0x000001
.config_300003_BUILD/DEFAULT/PRODUCTION/EX13.O    romdata   0x300003    program   0x000001
.config_300005_BUILD/DEFAULT/PRODUCTION/EX13.O    romdata   0x300005    program   0x000001
.config_300006_BUILD/DEFAULT/PRODUCTION/EX13.O    romdata   0x300006    program   0x000001



                              Program Memory Usage 
                               Start         End      
                           ---------   ---------      
                            0x000000    0x000045      
                            0x300001    0x300001      
                            0x300003    0x300003      
                            0x300005    0x300006      
            74 out of 8472 program addresses used, program memory utilization is 0%



                              Symbols - Sorted by Name
                     Name    Address   Location    Storage File                     
                ---------  ---------  ---------  --------- ---------                
                     MAIN   0x000004    program     static C:\Users\Administrateur\MPLABXProjects\TP_EX13.X\EX13.asm
                  ReadADC   0x000036    program     static C:\Users\Administrateur\MPLABXProjects\TP_EX13.X\EX13.asm
       attente_conversion   0x00003c    program     static C:\Users\Administrateur\MPLABXProjects\TP_EX13.X\EX13.asm
               boucle_pwm   0x00002a    program     static C:\Users\Administrateur\MPLABXProjects\TP_EX13.X\EX13.asm



                              Symbols - Sorted by Address
                     Name    Address   Location    Storage File                     
                ---------  ---------  ---------  --------- ---------                
                     MAIN   0x000004    program     static C:\Users\Administrateur\MPLABXProjects\TP_EX13.X\EX13.asm
               boucle_pwm   0x00002a    program     static C:\Users\Administrateur\MPLABXProjects\TP_EX13.X\EX13.asm
                  ReadADC   0x000036    program     static C:\Users\Administrateur\MPLABXProjects\TP_EX13.X\EX13.asm
       attente_conversion   0x00003c    program     static C:\Users\Administrateur\MPLABXProjects\TP_EX13.X\EX13.asm


