MPLINK 5.09, LINKER
Linker Map File - Created Wed Nov 29 09:38:18 2023

                                 Section Info
                  Section       Type    Address   Location Size(Bytes)
                ---------  ---------  ---------  ---------  ---------
                   .org_0       code   0x000000    program   0x000086
                   .cinit    romdata   0x000086    program   0x000002



                              Program Memory Usage 
                               Start         End      
                           ---------   ---------      
                            0x000000    0x000087      
            136 out of 8472 program addresses used, program memory utilization is 1%



                              Symbols - Sorted by Name
                     Name    Address   Location    Storage File                     
                ---------  ---------  ---------  --------- ---------                
               Boucle_Max   0x00006a    program     static C:\Users\Administrateur\MPLABXProjects\TP_EX5.X\EX5.asm
               Boucle_Min   0x000046    program     static C:\Users\Administrateur\MPLABXProjects\TP_EX5.X\EX5.asm
                  Fin_Max   0x000078    program     static C:\Users\Administrateur\MPLABXProjects\TP_EX5.X\EX5.asm
                  Fin_Min   0x000054    program     static C:\Users\Administrateur\MPLABXProjects\TP_EX5.X\EX5.asm
                     MAIN   0x00007a    program     static C:\Users\Administrateur\MPLABXProjects\TP_EX5.X\EX5.asm
              cherche_max   0x000056    program     static C:\Users\Administrateur\MPLABXProjects\TP_EX5.X\EX5.asm
              cherche_min   0x000032    program     static C:\Users\Administrateur\MPLABXProjects\TP_EX5.X\EX5.asm
           ecrire_tableau   0x000004    program     static C:\Users\Administrateur\MPLABXProjects\TP_EX5.X\EX5.asm



                              Symbols - Sorted by Address
                     Name    Address   Location    Storage File                     
                ---------  ---------  ---------  --------- ---------                
           ecrire_tableau   0x000004    program     static C:\Users\Administrateur\MPLABXProjects\TP_EX5.X\EX5.asm
              cherche_min   0x000032    program     static C:\Users\Administrateur\MPLABXProjects\TP_EX5.X\EX5.asm
               Boucle_Min   0x000046    program     static C:\Users\Administrateur\MPLABXProjects\TP_EX5.X\EX5.asm
                  Fin_Min   0x000054    program     static C:\Users\Administrateur\MPLABXProjects\TP_EX5.X\EX5.asm
              cherche_max   0x000056    program     static C:\Users\Administrateur\MPLABXProjects\TP_EX5.X\EX5.asm
               Boucle_Max   0x00006a    program     static C:\Users\Administrateur\MPLABXProjects\TP_EX5.X\EX5.asm
                  Fin_Max   0x000078    program     static C:\Users\Administrateur\MPLABXProjects\TP_EX5.X\EX5.asm
                     MAIN   0x00007a    program     static C:\Users\Administrateur\MPLABXProjects\TP_EX5.X\EX5.asm


