MPLINK 5.09, LINKER
Linker Map File - Created Wed Nov 15 11:42:37 2023

                                 Section Info
                  Section       Type    Address   Location Size(Bytes)
                ---------  ---------  ---------  ---------  ---------
                 RES_VECT       code   0x000000    program   0x000004
                   .cinit    romdata   0x000004    program   0x000002
                MAIN_PROG       code   0x000006    program   0x000026



                              Program Memory Usage 
                               Start         End      
                           ---------   ---------      
                            0x000000    0x00002b      
            44 out of 8472 program addresses used, program memory utilization is 0%



                              Symbols - Sorted by Name
                     Name    Address   Location    Storage File                     
                ---------  ---------  ---------  --------- ---------                
                   Boucle   0x000018    program     static C:\Users\Administrateur\MPLABXProjects\TP_EX4.X\EX4.asm
                      Fin   0x00002a    program     static C:\Users\Administrateur\MPLABXProjects\TP_EX4.X\EX4.asm
                     Main   0x000006    program     static C:\Users\Administrateur\MPLABXProjects\TP_EX4.X\EX4.asm
             calcul_somme   0x000012    program     static C:\Users\Administrateur\MPLABXProjects\TP_EX4.X\EX4.asm



                              Symbols - Sorted by Address
                     Name    Address   Location    Storage File                     
                ---------  ---------  ---------  --------- ---------                
                     Main   0x000006    program     static C:\Users\Administrateur\MPLABXProjects\TP_EX4.X\EX4.asm
             calcul_somme   0x000012    program     static C:\Users\Administrateur\MPLABXProjects\TP_EX4.X\EX4.asm
                   Boucle   0x000018    program     static C:\Users\Administrateur\MPLABXProjects\TP_EX4.X\EX4.asm
                      Fin   0x00002a    program     static C:\Users\Administrateur\MPLABXProjects\TP_EX4.X\EX4.asm


