MPLINK 5.09, LINKER
Linker Map File - Created Wed Nov 15 11:05:06 2023

                                 Section Info
                  Section       Type    Address   Location Size(Bytes)
                ---------  ---------  ---------  ---------  ---------
                 RES_VECT       code   0x000000    program   0x000004
                   .cinit    romdata   0x000004    program   0x000002
                MAIN_PROG       code   0x000006    program   0x000024
                   groupc      udata   0x000100       data   0x000003



                              Program Memory Usage 
                               Start         End      
                           ---------   ---------      
                            0x000000    0x000029      
            42 out of 8472 program addresses used, program memory utilization is 0%



                              Symbols - Sorted by Name
                     Name    Address   Location    Storage File                     
                ---------  ---------  ---------  --------- ---------                
                   Boucle   0x000010    program     static C:\Users\Administrateur\MPLABXProjects\TP_EX3.X\EX3.asm
           ContinueBoucle   0x000026    program     static C:\Users\Administrateur\MPLABXProjects\TP_EX3.X\EX3.asm
                FinBoucle   0x00002a    program     static C:\Users\Administrateur\MPLABXProjects\TP_EX3.X\EX3.asm
                     Main   0x000006    program     static C:\Users\Administrateur\MPLABXProjects\TP_EX3.X\EX3.asm
                        i   0x000102       data     static C:\Users\Administrateur\MPLABXProjects\TP_EX3.X\EX3.asm
               somme_High   0x000100       data     static C:\Users\Administrateur\MPLABXProjects\TP_EX3.X\EX3.asm
                somme_Low   0x000101       data     static C:\Users\Administrateur\MPLABXProjects\TP_EX3.X\EX3.asm



                              Symbols - Sorted by Address
                     Name    Address   Location    Storage File                     
                ---------  ---------  ---------  --------- ---------                
                     Main   0x000006    program     static C:\Users\Administrateur\MPLABXProjects\TP_EX3.X\EX3.asm
                   Boucle   0x000010    program     static C:\Users\Administrateur\MPLABXProjects\TP_EX3.X\EX3.asm
           ContinueBoucle   0x000026    program     static C:\Users\Administrateur\MPLABXProjects\TP_EX3.X\EX3.asm
                FinBoucle   0x00002a    program     static C:\Users\Administrateur\MPLABXProjects\TP_EX3.X\EX3.asm
               somme_High   0x000100       data     static C:\Users\Administrateur\MPLABXProjects\TP_EX3.X\EX3.asm
                somme_Low   0x000101       data     static C:\Users\Administrateur\MPLABXProjects\TP_EX3.X\EX3.asm
                        i   0x000102       data     static C:\Users\Administrateur\MPLABXProjects\TP_EX3.X\EX3.asm


