MPLINK 5.09, LINKER
Linker Map File - Created Tue Nov 28 23:17:28 2023

                                 Section Info
                  Section       Type    Address   Location Size(Bytes)
                ---------  ---------  ---------  ---------  ---------
                   .org_0       code   0x000000    program   0x00003e
                   .cinit    romdata   0x00003e    program   0x000002
.config_300001_BUILD/DEFAULT/PRODUCTION/EX10.O    romdata   0x300001    program   0x000001
.config_300003_BUILD/DEFAULT/PRODUCTION/EX10.O    romdata   0x300003    program   0x000001
.config_300006_BUILD/DEFAULT/PRODUCTION/EX10.O    romdata   0x300006    program   0x000001



                              Program Memory Usage 
                               Start         End      
                           ---------   ---------      
                            0x000000    0x00003f      
                            0x300001    0x300001      
                            0x300003    0x300003      
                            0x300006    0x300006      
            67 out of 8472 program addresses used, program memory utilization is 0%



                              Symbols - Sorted by Name
                     Name    Address   Location    Storage File                     
                ---------  ---------  ---------  --------- ---------                
                     MAIN   0x00001e    program     static C:\Users\Administrateur\MPLABXProjects\TP_EX10.X\EX10.asm
          WaitForOverflow   0x000014    program     static C:\Users\Administrateur\MPLABXProjects\TP_EX10.X\EX10.asm
              boucle_leds   0x000026    program     static C:\Users\Administrateur\MPLABXProjects\TP_EX10.X\EX10.asm
            routine_tempo   0x000004    program     static C:\Users\Administrateur\MPLABXProjects\TP_EX10.X\EX10.asm



                              Symbols - Sorted by Address
                     Name    Address   Location    Storage File                     
                ---------  ---------  ---------  --------- ---------                
            routine_tempo   0x000004    program     static C:\Users\Administrateur\MPLABXProjects\TP_EX10.X\EX10.asm
          WaitForOverflow   0x000014    program     static C:\Users\Administrateur\MPLABXProjects\TP_EX10.X\EX10.asm
                     MAIN   0x00001e    program     static C:\Users\Administrateur\MPLABXProjects\TP_EX10.X\EX10.asm
              boucle_leds   0x000026    program     static C:\Users\Administrateur\MPLABXProjects\TP_EX10.X\EX10.asm


