MPLINK 5.09, LINKER
Linker Map File - Created Fri Feb 02 13:56:42 2024

                                 Section Info
                  Section       Type    Address   Location Size(Bytes)
                ---------  ---------  ---------  ---------  ---------
                 RES_VECT       code   0x000000    program   0x000004
                   .cinit    romdata   0x000004    program   0x000002
                MAIN_PROG       code   0x000006    program   0x0000a0
.config_300000_BUILD/DEFAULT/PRODUCTION/PWMPOTE    romdata   0x300000    program   0x000001
.config_300001_BUILD/DEFAULT/PRODUCTION/PWMPOTE    romdata   0x300001    program   0x000001
.config_300002_BUILD/DEFAULT/PRODUCTION/PWMPOTE    romdata   0x300002    program   0x000001
.config_300003_BUILD/DEFAULT/PRODUCTION/PWMPOTE    romdata   0x300003    program   0x000001
.config_300004_BUILD/DEFAULT/PRODUCTION/PWMPOTE    romdata   0x300004    program   0x000001
.config_300005_BUILD/DEFAULT/PRODUCTION/PWMPOTE    romdata   0x300005    program   0x000001
.config_300006_BUILD/DEFAULT/PRODUCTION/PWMPOTE    romdata   0x300006    program   0x000001
.config_300007_BUILD/DEFAULT/PRODUCTION/PWMPOTE    romdata   0x300007    program   0x000001
.config_300008_BUILD/DEFAULT/PRODUCTION/PWMPOTE    romdata   0x300008    program   0x000001
.config_30000A_BUILD/DEFAULT/PRODUCTION/PWMPOTE    romdata   0x30000a    program   0x000001
.config_30000B_BUILD/DEFAULT/PRODUCTION/PWMPOTE    romdata   0x30000b    program   0x000001
                  GPR_VAR      udata   0x000000       data   0x000003



                              Program Memory Usage 
                               Start         End      
                           ---------   ---------      
                            0x000000    0x0000a5      
                            0x300000    0x300008      
                            0x30000a    0x30000b      
            177 out of 33054 program addresses used, program memory utilization is 0%



                              Symbols - Sorted by Name
                     Name    Address   Location    Storage File                     
                ---------  ---------  ---------  --------- ---------                
                      ADC   0x000082    program     static C:\Users\nolan\MPLABXProjects\TEST7_ADC_PWM_POTENTIOMETRE.X\PWMPOTENTIOMETRE.asm
                   START0   0x000006    program     static C:\Users\nolan\MPLABXProjects\TEST7_ADC_PWM_POTENTIOMETRE.X\PWMPOTENTIOMETRE.asm
          _MAIN_PROG_0084   0x00008a    program     static C:\Users\nolan\MPLABXProjects\TEST7_ADC_PWM_POTENTIOMETRE.X\PWMPOTENTIOMETRE.asm
                 RESULTHI   0x000001       data     static C:\Users\nolan\MPLABXProjects\TEST7_ADC_PWM_POTENTIOMETRE.X\PWMPOTENTIOMETRE.asm
                 RESULTLO   0x000002       data     static C:\Users\nolan\MPLABXProjects\TEST7_ADC_PWM_POTENTIOMETRE.X\PWMPOTENTIOMETRE.asm
                     prog   0x000000       data     static C:\Users\nolan\MPLABXProjects\TEST7_ADC_PWM_POTENTIOMETRE.X\PWMPOTENTIOMETRE.asm



                              Symbols - Sorted by Address
                     Name    Address   Location    Storage File                     
                ---------  ---------  ---------  --------- ---------                
                   START0   0x000006    program     static C:\Users\nolan\MPLABXProjects\TEST7_ADC_PWM_POTENTIOMETRE.X\PWMPOTENTIOMETRE.asm
                      ADC   0x000082    program     static C:\Users\nolan\MPLABXProjects\TEST7_ADC_PWM_POTENTIOMETRE.X\PWMPOTENTIOMETRE.asm
          _MAIN_PROG_0084   0x00008a    program     static C:\Users\nolan\MPLABXProjects\TEST7_ADC_PWM_POTENTIOMETRE.X\PWMPOTENTIOMETRE.asm
                     prog   0x000000       data     static C:\Users\nolan\MPLABXProjects\TEST7_ADC_PWM_POTENTIOMETRE.X\PWMPOTENTIOMETRE.asm
                 RESULTHI   0x000001       data     static C:\Users\nolan\MPLABXProjects\TEST7_ADC_PWM_POTENTIOMETRE.X\PWMPOTENTIOMETRE.asm
                 RESULTLO   0x000002       data     static C:\Users\nolan\MPLABXProjects\TEST7_ADC_PWM_POTENTIOMETRE.X\PWMPOTENTIOMETRE.asm


