MPLINK 5.09, LINKER
Linker Map File - Created Fri Feb 02 14:12:31 2024

                                 Section Info
                  Section       Type    Address   Location Size(Bytes)
                ---------  ---------  ---------  ---------  ---------
                 RES_VECT       code   0x000000    program   0x000004
                   .cinit    romdata   0x000004    program   0x000002
                MAIN_PROG       code   0x000006    program   0x001614
.config_300000_BUILD/DEFAULT/PRODUCTION/MERGEFI    romdata   0x300000    program   0x000001
.config_300001_BUILD/DEFAULT/PRODUCTION/MERGEFI    romdata   0x300001    program   0x000001
.config_300002_BUILD/DEFAULT/PRODUCTION/MERGEFI    romdata   0x300002    program   0x000001
.config_300003_BUILD/DEFAULT/PRODUCTION/MERGEFI    romdata   0x300003    program   0x000001
.config_300004_BUILD/DEFAULT/PRODUCTION/MERGEFI    romdata   0x300004    program   0x000001
.config_300005_BUILD/DEFAULT/PRODUCTION/MERGEFI    romdata   0x300005    program   0x000001
.config_300006_BUILD/DEFAULT/PRODUCTION/MERGEFI    romdata   0x300006    program   0x000001
.config_300007_BUILD/DEFAULT/PRODUCTION/MERGEFI    romdata   0x300007    program   0x000001
.config_300008_BUILD/DEFAULT/PRODUCTION/MERGEFI    romdata   0x300008    program   0x000001
.config_30000A_BUILD/DEFAULT/PRODUCTION/MERGEFI    romdata   0x30000a    program   0x000001
.config_30000B_BUILD/DEFAULT/PRODUCTION/MERGEFI    romdata   0x30000b    program   0x000001
                  INT_VAR      udata   0x000000       data   0x000015



                              Program Memory Usage 
                               Start         End      
                           ---------   ---------      
                            0x000000    0x001619      
                            0x300000    0x300008      
                            0x30000a    0x30000b      
            5669 out of 33054 program addresses used, program memory utilization is 17%



                              Symbols - Sorted by Name
                     Name    Address   Location    Storage File                     
                ---------  ---------  ---------  --------- ---------                
                    BEGIN   0x000006    program     static C:\Users\nolan\MPLABXProjects\TEST13_MERGE_BOUTON_POTENTIOMETRE_FOURCHE_OPTIQUE.X\MERGEFINAL.asm
              BP0_PRESSED   0x000206    program     static C:\Users\nolan\MPLABXProjects\TEST13_MERGE_BOUTON_POTENTIOMETRE_FOURCHE_OPTIQUE.X\MERGEFINAL.asm
             BP0_released   0x000218    program     static C:\Users\nolan\MPLABXProjects\TEST13_MERGE_BOUTON_POTENTIOMETRE_FOURCHE_OPTIQUE.X\MERGEFINAL.asm
              BP1_PRESSED   0x0001ec    program     static C:\Users\nolan\MPLABXProjects\TEST13_MERGE_BOUTON_POTENTIOMETRE_FOURCHE_OPTIQUE.X\MERGEFINAL.asm
             BP1_released   0x000212    program     static C:\Users\nolan\MPLABXProjects\TEST13_MERGE_BOUTON_POTENTIOMETRE_FOURCHE_OPTIQUE.X\MERGEFINAL.asm
                 DELAYNOP   0x0015f6    program     static C:\Users\nolan\MPLABXProjects\TEST13_MERGE_BOUTON_POTENTIOMETRE_FOURCHE_OPTIQUE.X\MERGEFINAL.asm
                DELAYNOPP   0x001606    program     static C:\Users\nolan\MPLABXProjects\TEST13_MERGE_BOUTON_POTENTIOMETRE_FOURCHE_OPTIQUE.X\MERGEFINAL.asm
                LEDBLEUE1   0x001532    program     static C:\Users\nolan\MPLABXProjects\TEST13_MERGE_BOUTON_POTENTIOMETRE_FOURCHE_OPTIQUE.X\MERGEFINAL.asm
                LEDBLEUE2   0x0014d0    program     static C:\Users\nolan\MPLABXProjects\TEST13_MERGE_BOUTON_POTENTIOMETRE_FOURCHE_OPTIQUE.X\MERGEFINAL.asm
                LEDBLEUE3   0x00146e    program     static C:\Users\nolan\MPLABXProjects\TEST13_MERGE_BOUTON_POTENTIOMETRE_FOURCHE_OPTIQUE.X\MERGEFINAL.asm
                LEDBLEUE4   0x00140c    program     static C:\Users\nolan\MPLABXProjects\TEST13_MERGE_BOUTON_POTENTIOMETRE_FOURCHE_OPTIQUE.X\MERGEFINAL.asm
                LEDGREEN1   0x001222    program     static C:\Users\nolan\MPLABXProjects\TEST13_MERGE_BOUTON_POTENTIOMETRE_FOURCHE_OPTIQUE.X\MERGEFINAL.asm
                LEDGREEN2   0x0011c0    program     static C:\Users\nolan\MPLABXProjects\TEST13_MERGE_BOUTON_POTENTIOMETRE_FOURCHE_OPTIQUE.X\MERGEFINAL.asm
                LEDGREEN3   0x00115e    program     static C:\Users\nolan\MPLABXProjects\TEST13_MERGE_BOUTON_POTENTIOMETRE_FOURCHE_OPTIQUE.X\MERGEFINAL.asm
                LEDGREEN4   0x0010fc    program     static C:\Users\nolan\MPLABXProjects\TEST13_MERGE_BOUTON_POTENTIOMETRE_FOURCHE_OPTIQUE.X\MERGEFINAL.asm
                LEDJAUNE1   0x00109a    program     static C:\Users\nolan\MPLABXProjects\TEST13_MERGE_BOUTON_POTENTIOMETRE_FOURCHE_OPTIQUE.X\MERGEFINAL.asm
                LEDJAUNE2   0x001038    program     static C:\Users\nolan\MPLABXProjects\TEST13_MERGE_BOUTON_POTENTIOMETRE_FOURCHE_OPTIQUE.X\MERGEFINAL.asm
                LEDJAUNE3   0x000fd6    program     static C:\Users\nolan\MPLABXProjects\TEST13_MERGE_BOUTON_POTENTIOMETRE_FOURCHE_OPTIQUE.X\MERGEFINAL.asm
                LEDJAUNE4   0x000f74    program     static C:\Users\nolan\MPLABXProjects\TEST13_MERGE_BOUTON_POTENTIOMETRE_FOURCHE_OPTIQUE.X\MERGEFINAL.asm
                 LEDROSE1   0x000f12    program     static C:\Users\nolan\MPLABXProjects\TEST13_MERGE_BOUTON_POTENTIOMETRE_FOURCHE_OPTIQUE.X\MERGEFINAL.asm
                 LEDROSE2   0x000eb0    program     static C:\Users\nolan\MPLABXProjects\TEST13_MERGE_BOUTON_POTENTIOMETRE_FOURCHE_OPTIQUE.X\MERGEFINAL.asm
                 LEDROSE3   0x000e4e    program     static C:\Users\nolan\MPLABXProjects\TEST13_MERGE_BOUTON_POTENTIOMETRE_FOURCHE_OPTIQUE.X\MERGEFINAL.asm
                 LEDROSE4   0x000dec    program     static C:\Users\nolan\MPLABXProjects\TEST13_MERGE_BOUTON_POTENTIOMETRE_FOURCHE_OPTIQUE.X\MERGEFINAL.asm
                LEDROUGE1   0x0013aa    program     static C:\Users\nolan\MPLABXProjects\TEST13_MERGE_BOUTON_POTENTIOMETRE_FOURCHE_OPTIQUE.X\MERGEFINAL.asm
                LEDROUGE2   0x001348    program     static C:\Users\nolan\MPLABXProjects\TEST13_MERGE_BOUTON_POTENTIOMETRE_FOURCHE_OPTIQUE.X\MERGEFINAL.asm
                LEDROUGE3   0x0012e6    program     static C:\Users\nolan\MPLABXProjects\TEST13_MERGE_BOUTON_POTENTIOMETRE_FOURCHE_OPTIQUE.X\MERGEFINAL.asm
                LEDROUGE4   0x001284    program     static C:\Users\nolan\MPLABXProjects\TEST13_MERGE_BOUTON_POTENTIOMETRE_FOURCHE_OPTIQUE.X\MERGEFINAL.asm
              LED_ETEINTE   0x001594    program     static C:\Users\nolan\MPLABXProjects\TEST13_MERGE_BOUTON_POTENTIOMETRE_FOURCHE_OPTIQUE.X\MERGEFINAL.asm
              LUMINOSITE0   0x0001b8    program     static C:\Users\nolan\MPLABXProjects\TEST13_MERGE_BOUTON_POTENTIOMETRE_FOURCHE_OPTIQUE.X\MERGEFINAL.asm
              LUMINOSITE1   0x0001be    program     static C:\Users\nolan\MPLABXProjects\TEST13_MERGE_BOUTON_POTENTIOMETRE_FOURCHE_OPTIQUE.X\MERGEFINAL.asm
              LUMINOSITE2   0x0001c4    program     static C:\Users\nolan\MPLABXProjects\TEST13_MERGE_BOUTON_POTENTIOMETRE_FOURCHE_OPTIQUE.X\MERGEFINAL.asm
              LUMINOSITE3   0x0001ce    program     static C:\Users\nolan\MPLABXProjects\TEST13_MERGE_BOUTON_POTENTIOMETRE_FOURCHE_OPTIQUE.X\MERGEFINAL.asm
              LUMINOSITE4   0x0001d8    program     static C:\Users\nolan\MPLABXProjects\TEST13_MERGE_BOUTON_POTENTIOMETRE_FOURCHE_OPTIQUE.X\MERGEFINAL.asm
          _MAIN_PROG_006A   0x000070    program     static C:\Users\nolan\MPLABXProjects\TEST13_MERGE_BOUTON_POTENTIOMETRE_FOURCHE_OPTIQUE.X\MERGEFINAL.asm
          _MAIN_PROG_0160   0x000166    program     static C:\Users\nolan\MPLABXProjects\TEST13_MERGE_BOUTON_POTENTIOMETRE_FOURCHE_OPTIQUE.X\MERGEFINAL.asm
                     bit0   0x000da8    program     static C:\Users\nolan\MPLABXProjects\TEST13_MERGE_BOUTON_POTENTIOMETRE_FOURCHE_OPTIQUE.X\MERGEFINAL.asm
                     bit1   0x000dc8    program     static C:\Users\nolan\MPLABXProjects\TEST13_MERGE_BOUTON_POTENTIOMETRE_FOURCHE_OPTIQUE.X\MERGEFINAL.asm
                     do14   0x00160a    program     static C:\Users\nolan\MPLABXProjects\TEST13_MERGE_BOUTON_POTENTIOMETRE_FOURCHE_OPTIQUE.X\MERGEFINAL.asm
                     dol3   0x0015f8    program     static C:\Users\nolan\MPLABXProjects\TEST13_MERGE_BOUTON_POTENTIOMETRE_FOURCHE_OPTIQUE.X\MERGEFINAL.asm
             eteindre_led   0x0001e2    program     static C:\Users\nolan\MPLABXProjects\TEST13_MERGE_BOUTON_POTENTIOMETRE_FOURCHE_OPTIQUE.X\MERGEFINAL.asm
                     ife2   0x0000da    program     static C:\Users\nolan\MPLABXProjects\TEST13_MERGE_BOUTON_POTENTIOMETRE_FOURCHE_OPTIQUE.X\MERGEFINAL.asm
                     ife3   0x0000f0    program     static C:\Users\nolan\MPLABXProjects\TEST13_MERGE_BOUTON_POTENTIOMETRE_FOURCHE_OPTIQUE.X\MERGEFINAL.asm
                     lab1   0x000106    program     static C:\Users\nolan\MPLABXProjects\TEST13_MERGE_BOUTON_POTENTIOMETRE_FOURCHE_OPTIQUE.X\MERGEFINAL.asm
                     lab2   0x000112    program     static C:\Users\nolan\MPLABXProjects\TEST13_MERGE_BOUTON_POTENTIOMETRE_FOURCHE_OPTIQUE.X\MERGEFINAL.asm
                     lab3   0x00011e    program     static C:\Users\nolan\MPLABXProjects\TEST13_MERGE_BOUTON_POTENTIOMETRE_FOURCHE_OPTIQUE.X\MERGEFINAL.asm
                     lab4   0x00012a    program     static C:\Users\nolan\MPLABXProjects\TEST13_MERGE_BOUTON_POTENTIOMETRE_FOURCHE_OPTIQUE.X\MERGEFINAL.asm
               ledlum0pr1   0x000234    program     static C:\Users\nolan\MPLABXProjects\TEST13_MERGE_BOUTON_POTENTIOMETRE_FOURCHE_OPTIQUE.X\MERGEFINAL.asm
               ledlum0pr2   0x000340    program     static C:\Users\nolan\MPLABXProjects\TEST13_MERGE_BOUTON_POTENTIOMETRE_FOURCHE_OPTIQUE.X\MERGEFINAL.asm
               ledlum0pr3   0x0005d4    program     static C:\Users\nolan\MPLABXProjects\TEST13_MERGE_BOUTON_POTENTIOMETRE_FOURCHE_OPTIQUE.X\MERGEFINAL.asm
             ledlum0skip1   0x000238    program     static C:\Users\nolan\MPLABXProjects\TEST13_MERGE_BOUTON_POTENTIOMETRE_FOURCHE_OPTIQUE.X\MERGEFINAL.asm
             ledlum0skip2   0x000344    program     static C:\Users\nolan\MPLABXProjects\TEST13_MERGE_BOUTON_POTENTIOMETRE_FOURCHE_OPTIQUE.X\MERGEFINAL.asm
             ledlum0skip3   0x0005d8    program     static C:\Users\nolan\MPLABXProjects\TEST13_MERGE_BOUTON_POTENTIOMETRE_FOURCHE_OPTIQUE.X\MERGEFINAL.asm
               ledlum1pr1   0x000244    program     static C:\Users\nolan\MPLABXProjects\TEST13_MERGE_BOUTON_POTENTIOMETRE_FOURCHE_OPTIQUE.X\MERGEFINAL.asm
               ledlum1pr2   0x000350    program     static C:\Users\nolan\MPLABXProjects\TEST13_MERGE_BOUTON_POTENTIOMETRE_FOURCHE_OPTIQUE.X\MERGEFINAL.asm
               ledlum1pr3   0x0005e4    program     static C:\Users\nolan\MPLABXProjects\TEST13_MERGE_BOUTON_POTENTIOMETRE_FOURCHE_OPTIQUE.X\MERGEFINAL.asm
             ledlum1skip1   0x000274    program     static C:\Users\nolan\MPLABXProjects\TEST13_MERGE_BOUTON_POTENTIOMETRE_FOURCHE_OPTIQUE.X\MERGEFINAL.asm
             ledlum1skip2   0x0003f0    program     static C:\Users\nolan\MPLABXProjects\TEST13_MERGE_BOUTON_POTENTIOMETRE_FOURCHE_OPTIQUE.X\MERGEFINAL.asm
             ledlum1skip3   0x0007c4    program     static C:\Users\nolan\MPLABXProjects\TEST13_MERGE_BOUTON_POTENTIOMETRE_FOURCHE_OPTIQUE.X\MERGEFINAL.asm
               ledlum2pr1   0x000280    program     static C:\Users\nolan\MPLABXProjects\TEST13_MERGE_BOUTON_POTENTIOMETRE_FOURCHE_OPTIQUE.X\MERGEFINAL.asm
               ledlum2pr2   0x0003fc    program     static C:\Users\nolan\MPLABXProjects\TEST13_MERGE_BOUTON_POTENTIOMETRE_FOURCHE_OPTIQUE.X\MERGEFINAL.asm
               ledlum2pr3   0x0007d0    program     static C:\Users\nolan\MPLABXProjects\TEST13_MERGE_BOUTON_POTENTIOMETRE_FOURCHE_OPTIQUE.X\MERGEFINAL.asm
             ledlum2skip1   0x0002b0    program     static C:\Users\nolan\MPLABXProjects\TEST13_MERGE_BOUTON_POTENTIOMETRE_FOURCHE_OPTIQUE.X\MERGEFINAL.asm
             ledlum2skip2   0x00049c    program     static C:\Users\nolan\MPLABXProjects\TEST13_MERGE_BOUTON_POTENTIOMETRE_FOURCHE_OPTIQUE.X\MERGEFINAL.asm
             ledlum2skip3   0x0009b0    program     static C:\Users\nolan\MPLABXProjects\TEST13_MERGE_BOUTON_POTENTIOMETRE_FOURCHE_OPTIQUE.X\MERGEFINAL.asm
               ledlum3pr1   0x0002bc    program     static C:\Users\nolan\MPLABXProjects\TEST13_MERGE_BOUTON_POTENTIOMETRE_FOURCHE_OPTIQUE.X\MERGEFINAL.asm
               ledlum3pr2   0x0004a8    program     static C:\Users\nolan\MPLABXProjects\TEST13_MERGE_BOUTON_POTENTIOMETRE_FOURCHE_OPTIQUE.X\MERGEFINAL.asm
               ledlum3pr3   0x0009bc    program     static C:\Users\nolan\MPLABXProjects\TEST13_MERGE_BOUTON_POTENTIOMETRE_FOURCHE_OPTIQUE.X\MERGEFINAL.asm
             ledlum3skip1   0x0002ec    program     static C:\Users\nolan\MPLABXProjects\TEST13_MERGE_BOUTON_POTENTIOMETRE_FOURCHE_OPTIQUE.X\MERGEFINAL.asm
             ledlum3skip2   0x000548    program     static C:\Users\nolan\MPLABXProjects\TEST13_MERGE_BOUTON_POTENTIOMETRE_FOURCHE_OPTIQUE.X\MERGEFINAL.asm
             ledlum3skip3   0x000b9c    program     static C:\Users\nolan\MPLABXProjects\TEST13_MERGE_BOUTON_POTENTIOMETRE_FOURCHE_OPTIQUE.X\MERGEFINAL.asm
               ledlum4pr1   0x0002f8    program     static C:\Users\nolan\MPLABXProjects\TEST13_MERGE_BOUTON_POTENTIOMETRE_FOURCHE_OPTIQUE.X\MERGEFINAL.asm
               ledlum4pr2   0x000554    program     static C:\Users\nolan\MPLABXProjects\TEST13_MERGE_BOUTON_POTENTIOMETRE_FOURCHE_OPTIQUE.X\MERGEFINAL.asm
               ledlum4pr3   0x000ba8    program     static C:\Users\nolan\MPLABXProjects\TEST13_MERGE_BOUTON_POTENTIOMETRE_FOURCHE_OPTIQUE.X\MERGEFINAL.asm
             ledlum4skip1   0x000328    program     static C:\Users\nolan\MPLABXProjects\TEST13_MERGE_BOUTON_POTENTIOMETRE_FOURCHE_OPTIQUE.X\MERGEFINAL.asm
             ledlum4skip2   0x0005bc    program     static C:\Users\nolan\MPLABXProjects\TEST13_MERGE_BOUTON_POTENTIOMETRE_FOURCHE_OPTIQUE.X\MERGEFINAL.asm
             ledlum4skip3   0x000d88    program     static C:\Users\nolan\MPLABXProjects\TEST13_MERGE_BOUTON_POTENTIOMETRE_FOURCHE_OPTIQUE.X\MERGEFINAL.asm
                     loop   0x0000b8    program     static C:\Users\nolan\MPLABXProjects\TEST13_MERGE_BOUTON_POTENTIOMETRE_FOURCHE_OPTIQUE.X\MERGEFINAL.asm
                     lum1   0x0001a0    program     static C:\Users\nolan\MPLABXProjects\TEST13_MERGE_BOUTON_POTENTIOMETRE_FOURCHE_OPTIQUE.X\MERGEFINAL.asm
                     lum2   0x0001a6    program     static C:\Users\nolan\MPLABXProjects\TEST13_MERGE_BOUTON_POTENTIOMETRE_FOURCHE_OPTIQUE.X\MERGEFINAL.asm
                     lum3   0x0001ac    program     static C:\Users\nolan\MPLABXProjects\TEST13_MERGE_BOUTON_POTENTIOMETRE_FOURCHE_OPTIQUE.X\MERGEFINAL.asm
                     lum4   0x0001b2    program     static C:\Users\nolan\MPLABXProjects\TEST13_MERGE_BOUTON_POTENTIOMETRE_FOURCHE_OPTIQUE.X\MERGEFINAL.asm
                    prog1   0x00021e    program     static C:\Users\nolan\MPLABXProjects\TEST13_MERGE_BOUTON_POTENTIOMETRE_FOURCHE_OPTIQUE.X\MERGEFINAL.asm
                    prog2   0x00032a    program     static C:\Users\nolan\MPLABXProjects\TEST13_MERGE_BOUTON_POTENTIOMETRE_FOURCHE_OPTIQUE.X\MERGEFINAL.asm
                    prog3   0x0005be    program     static C:\Users\nolan\MPLABXProjects\TEST13_MERGE_BOUTON_POTENTIOMETRE_FOURCHE_OPTIQUE.X\MERGEFINAL.asm
                    prog4   0x000d8a    program     static C:\Users\nolan\MPLABXProjects\TEST13_MERGE_BOUTON_POTENTIOMETRE_FOURCHE_OPTIQUE.X\MERGEFINAL.asm
                    prog5   0x000d90    program     static C:\Users\nolan\MPLABXProjects\TEST13_MERGE_BOUTON_POTENTIOMETRE_FOURCHE_OPTIQUE.X\MERGEFINAL.asm
                    prog6   0x000d96    program     static C:\Users\nolan\MPLABXProjects\TEST13_MERGE_BOUTON_POTENTIOMETRE_FOURCHE_OPTIQUE.X\MERGEFINAL.asm
                    prog7   0x000d9c    program     static C:\Users\nolan\MPLABXProjects\TEST13_MERGE_BOUTON_POTENTIOMETRE_FOURCHE_OPTIQUE.X\MERGEFINAL.asm
                    prog8   0x000da2    program     static C:\Users\nolan\MPLABXProjects\TEST13_MERGE_BOUTON_POTENTIOMETRE_FOURCHE_OPTIQUE.X\MERGEFINAL.asm
                   resett   0x000200    program     static C:\Users\nolan\MPLABXProjects\TEST13_MERGE_BOUTON_POTENTIOMETRE_FOURCHE_OPTIQUE.X\MERGEFINAL.asm
                     ski1   0x000136    program     static C:\Users\nolan\MPLABXProjects\TEST13_MERGE_BOUTON_POTENTIOMETRE_FOURCHE_OPTIQUE.X\MERGEFINAL.asm
                     ski2   0x000142    program     static C:\Users\nolan\MPLABXProjects\TEST13_MERGE_BOUTON_POTENTIOMETRE_FOURCHE_OPTIQUE.X\MERGEFINAL.asm
                     ski3   0x00014e    program     static C:\Users\nolan\MPLABXProjects\TEST13_MERGE_BOUTON_POTENTIOMETRE_FOURCHE_OPTIQUE.X\MERGEFINAL.asm
                     ski4   0x00015a    program     static C:\Users\nolan\MPLABXProjects\TEST13_MERGE_BOUTON_POTENTIOMETRE_FOURCHE_OPTIQUE.X\MERGEFINAL.asm
                     skip   0x000204    program     static C:\Users\nolan\MPLABXProjects\TEST13_MERGE_BOUTON_POTENTIOMETRE_FOURCHE_OPTIQUE.X\MERGEFINAL.asm
                  skiplop   0x0000ca    program     static C:\Users\nolan\MPLABXProjects\TEST13_MERGE_BOUTON_POTENTIOMETRE_FOURCHE_OPTIQUE.X\MERGEFINAL.asm
                    suite   0x0000e0    program     static C:\Users\nolan\MPLABXProjects\TEST13_MERGE_BOUTON_POTENTIOMETRE_FOURCHE_OPTIQUE.X\MERGEFINAL.asm
                   suite2   0x0000f6    program     static C:\Users\nolan\MPLABXProjects\TEST13_MERGE_BOUTON_POTENTIOMETRE_FOURCHE_OPTIQUE.X\MERGEFINAL.asm
              trigger_led   0x00015e    program     static C:\Users\nolan\MPLABXProjects\TEST13_MERGE_BOUTON_POTENTIOMETRE_FOURCHE_OPTIQUE.X\MERGEFINAL.asm
                   NB_LED   0x00000b       data     static C:\Users\nolan\MPLABXProjects\TEST13_MERGE_BOUTON_POTENTIOMETRE_FOURCHE_OPTIQUE.X\MERGEFINAL.asm
                 RESULTHI   0x00000c       data     static C:\Users\nolan\MPLABXProjects\TEST13_MERGE_BOUTON_POTENTIOMETRE_FOURCHE_OPTIQUE.X\MERGEFINAL.asm
                 RESULTLO   0x00000d       data     static C:\Users\nolan\MPLABXProjects\TEST13_MERGE_BOUTON_POTENTIOMETRE_FOURCHE_OPTIQUE.X\MERGEFINAL.asm
              alreadysend   0x000011       data     static C:\Users\nolan\MPLABXProjects\TEST13_MERGE_BOUTON_POTENTIOMETRE_FOURCHE_OPTIQUE.X\MERGEFINAL.asm
                     cinq   0x000007       data     static C:\Users\nolan\MPLABXProjects\TEST13_MERGE_BOUTON_POTENTIOMETRE_FOURCHE_OPTIQUE.X\MERGEFINAL.asm
                    delay   0x000014       data     static C:\Users\nolan\MPLABXProjects\TEST13_MERGE_BOUTON_POTENTIOMETRE_FOURCHE_OPTIQUE.X\MERGEFINAL.asm
                     deux   0x000004       data     static C:\Users\nolan\MPLABXProjects\TEST13_MERGE_BOUTON_POTENTIOMETRE_FOURCHE_OPTIQUE.X\MERGEFINAL.asm
                     huit   0x00000a       data     static C:\Users\nolan\MPLABXProjects\TEST13_MERGE_BOUTON_POTENTIOMETRE_FOURCHE_OPTIQUE.X\MERGEFINAL.asm
                    incre   0x00000e       data     static C:\Users\nolan\MPLABXProjects\TEST13_MERGE_BOUTON_POTENTIOMETRE_FOURCHE_OPTIQUE.X\MERGEFINAL.asm
            isbtn0pressed   0x000002       data     static C:\Users\nolan\MPLABXProjects\TEST13_MERGE_BOUTON_POTENTIOMETRE_FOURCHE_OPTIQUE.X\MERGEFINAL.asm
            isbtn1pressed   0x000001       data     static C:\Users\nolan\MPLABXProjects\TEST13_MERGE_BOUTON_POTENTIOMETRE_FOURCHE_OPTIQUE.X\MERGEFINAL.asm
               luminosite   0x00000f       data     static C:\Users\nolan\MPLABXProjects\TEST13_MERGE_BOUTON_POTENTIOMETRE_FOURCHE_OPTIQUE.X\MERGEFINAL.asm
                    nbnop   0x000012       data     static C:\Users\nolan\MPLABXProjects\TEST13_MERGE_BOUTON_POTENTIOMETRE_FOURCHE_OPTIQUE.X\MERGEFINAL.asm
                   nbnop2   0x000013       data     static C:\Users\nolan\MPLABXProjects\TEST13_MERGE_BOUTON_POTENTIOMETRE_FOURCHE_OPTIQUE.X\MERGEFINAL.asm
                  onetime   0x000010       data     static C:\Users\nolan\MPLABXProjects\TEST13_MERGE_BOUTON_POTENTIOMETRE_FOURCHE_OPTIQUE.X\MERGEFINAL.asm
                     prog   0x000000       data     static C:\Users\nolan\MPLABXProjects\TEST13_MERGE_BOUTON_POTENTIOMETRE_FOURCHE_OPTIQUE.X\MERGEFINAL.asm
                   quatre   0x000006       data     static C:\Users\nolan\MPLABXProjects\TEST13_MERGE_BOUTON_POTENTIOMETRE_FOURCHE_OPTIQUE.X\MERGEFINAL.asm
                     sept   0x000009       data     static C:\Users\nolan\MPLABXProjects\TEST13_MERGE_BOUTON_POTENTIOMETRE_FOURCHE_OPTIQUE.X\MERGEFINAL.asm
                      six   0x000008       data     static C:\Users\nolan\MPLABXProjects\TEST13_MERGE_BOUTON_POTENTIOMETRE_FOURCHE_OPTIQUE.X\MERGEFINAL.asm
                    trois   0x000005       data     static C:\Users\nolan\MPLABXProjects\TEST13_MERGE_BOUTON_POTENTIOMETRE_FOURCHE_OPTIQUE.X\MERGEFINAL.asm
                       un   0x000003       data     static C:\Users\nolan\MPLABXProjects\TEST13_MERGE_BOUTON_POTENTIOMETRE_FOURCHE_OPTIQUE.X\MERGEFINAL.asm



                              Symbols - Sorted by Address
                     Name    Address   Location    Storage File                     
                ---------  ---------  ---------  --------- ---------                
                    BEGIN   0x000006    program     static C:\Users\nolan\MPLABXProjects\TEST13_MERGE_BOUTON_POTENTIOMETRE_FOURCHE_OPTIQUE.X\MERGEFINAL.asm
          _MAIN_PROG_006A   0x000070    program     static C:\Users\nolan\MPLABXProjects\TEST13_MERGE_BOUTON_POTENTIOMETRE_FOURCHE_OPTIQUE.X\MERGEFINAL.asm
                     loop   0x0000b8    program     static C:\Users\nolan\MPLABXProjects\TEST13_MERGE_BOUTON_POTENTIOMETRE_FOURCHE_OPTIQUE.X\MERGEFINAL.asm
                  skiplop   0x0000ca    program     static C:\Users\nolan\MPLABXProjects\TEST13_MERGE_BOUTON_POTENTIOMETRE_FOURCHE_OPTIQUE.X\MERGEFINAL.asm
                     ife2   0x0000da    program     static C:\Users\nolan\MPLABXProjects\TEST13_MERGE_BOUTON_POTENTIOMETRE_FOURCHE_OPTIQUE.X\MERGEFINAL.asm
                    suite   0x0000e0    program     static C:\Users\nolan\MPLABXProjects\TEST13_MERGE_BOUTON_POTENTIOMETRE_FOURCHE_OPTIQUE.X\MERGEFINAL.asm
                     ife3   0x0000f0    program     static C:\Users\nolan\MPLABXProjects\TEST13_MERGE_BOUTON_POTENTIOMETRE_FOURCHE_OPTIQUE.X\MERGEFINAL.asm
                   suite2   0x0000f6    program     static C:\Users\nolan\MPLABXProjects\TEST13_MERGE_BOUTON_POTENTIOMETRE_FOURCHE_OPTIQUE.X\MERGEFINAL.asm
                     lab1   0x000106    program     static C:\Users\nolan\MPLABXProjects\TEST13_MERGE_BOUTON_POTENTIOMETRE_FOURCHE_OPTIQUE.X\MERGEFINAL.asm
                     lab2   0x000112    program     static C:\Users\nolan\MPLABXProjects\TEST13_MERGE_BOUTON_POTENTIOMETRE_FOURCHE_OPTIQUE.X\MERGEFINAL.asm
                     lab3   0x00011e    program     static C:\Users\nolan\MPLABXProjects\TEST13_MERGE_BOUTON_POTENTIOMETRE_FOURCHE_OPTIQUE.X\MERGEFINAL.asm
                     lab4   0x00012a    program     static C:\Users\nolan\MPLABXProjects\TEST13_MERGE_BOUTON_POTENTIOMETRE_FOURCHE_OPTIQUE.X\MERGEFINAL.asm
                     ski1   0x000136    program     static C:\Users\nolan\MPLABXProjects\TEST13_MERGE_BOUTON_POTENTIOMETRE_FOURCHE_OPTIQUE.X\MERGEFINAL.asm
                     ski2   0x000142    program     static C:\Users\nolan\MPLABXProjects\TEST13_MERGE_BOUTON_POTENTIOMETRE_FOURCHE_OPTIQUE.X\MERGEFINAL.asm
                     ski3   0x00014e    program     static C:\Users\nolan\MPLABXProjects\TEST13_MERGE_BOUTON_POTENTIOMETRE_FOURCHE_OPTIQUE.X\MERGEFINAL.asm
                     ski4   0x00015a    program     static C:\Users\nolan\MPLABXProjects\TEST13_MERGE_BOUTON_POTENTIOMETRE_FOURCHE_OPTIQUE.X\MERGEFINAL.asm
              trigger_led   0x00015e    program     static C:\Users\nolan\MPLABXProjects\TEST13_MERGE_BOUTON_POTENTIOMETRE_FOURCHE_OPTIQUE.X\MERGEFINAL.asm
          _MAIN_PROG_0160   0x000166    program     static C:\Users\nolan\MPLABXProjects\TEST13_MERGE_BOUTON_POTENTIOMETRE_FOURCHE_OPTIQUE.X\MERGEFINAL.asm
                     lum1   0x0001a0    program     static C:\Users\nolan\MPLABXProjects\TEST13_MERGE_BOUTON_POTENTIOMETRE_FOURCHE_OPTIQUE.X\MERGEFINAL.asm
                     lum2   0x0001a6    program     static C:\Users\nolan\MPLABXProjects\TEST13_MERGE_BOUTON_POTENTIOMETRE_FOURCHE_OPTIQUE.X\MERGEFINAL.asm
                     lum3   0x0001ac    program     static C:\Users\nolan\MPLABXProjects\TEST13_MERGE_BOUTON_POTENTIOMETRE_FOURCHE_OPTIQUE.X\MERGEFINAL.asm
                     lum4   0x0001b2    program     static C:\Users\nolan\MPLABXProjects\TEST13_MERGE_BOUTON_POTENTIOMETRE_FOURCHE_OPTIQUE.X\MERGEFINAL.asm
              LUMINOSITE0   0x0001b8    program     static C:\Users\nolan\MPLABXProjects\TEST13_MERGE_BOUTON_POTENTIOMETRE_FOURCHE_OPTIQUE.X\MERGEFINAL.asm
              LUMINOSITE1   0x0001be    program     static C:\Users\nolan\MPLABXProjects\TEST13_MERGE_BOUTON_POTENTIOMETRE_FOURCHE_OPTIQUE.X\MERGEFINAL.asm
              LUMINOSITE2   0x0001c4    program     static C:\Users\nolan\MPLABXProjects\TEST13_MERGE_BOUTON_POTENTIOMETRE_FOURCHE_OPTIQUE.X\MERGEFINAL.asm
              LUMINOSITE3   0x0001ce    program     static C:\Users\nolan\MPLABXProjects\TEST13_MERGE_BOUTON_POTENTIOMETRE_FOURCHE_OPTIQUE.X\MERGEFINAL.asm
              LUMINOSITE4   0x0001d8    program     static C:\Users\nolan\MPLABXProjects\TEST13_MERGE_BOUTON_POTENTIOMETRE_FOURCHE_OPTIQUE.X\MERGEFINAL.asm
             eteindre_led   0x0001e2    program     static C:\Users\nolan\MPLABXProjects\TEST13_MERGE_BOUTON_POTENTIOMETRE_FOURCHE_OPTIQUE.X\MERGEFINAL.asm
              BP1_PRESSED   0x0001ec    program     static C:\Users\nolan\MPLABXProjects\TEST13_MERGE_BOUTON_POTENTIOMETRE_FOURCHE_OPTIQUE.X\MERGEFINAL.asm
                   resett   0x000200    program     static C:\Users\nolan\MPLABXProjects\TEST13_MERGE_BOUTON_POTENTIOMETRE_FOURCHE_OPTIQUE.X\MERGEFINAL.asm
                     skip   0x000204    program     static C:\Users\nolan\MPLABXProjects\TEST13_MERGE_BOUTON_POTENTIOMETRE_FOURCHE_OPTIQUE.X\MERGEFINAL.asm
              BP0_PRESSED   0x000206    program     static C:\Users\nolan\MPLABXProjects\TEST13_MERGE_BOUTON_POTENTIOMETRE_FOURCHE_OPTIQUE.X\MERGEFINAL.asm
             BP1_released   0x000212    program     static C:\Users\nolan\MPLABXProjects\TEST13_MERGE_BOUTON_POTENTIOMETRE_FOURCHE_OPTIQUE.X\MERGEFINAL.asm
             BP0_released   0x000218    program     static C:\Users\nolan\MPLABXProjects\TEST13_MERGE_BOUTON_POTENTIOMETRE_FOURCHE_OPTIQUE.X\MERGEFINAL.asm
                    prog1   0x00021e    program     static C:\Users\nolan\MPLABXProjects\TEST13_MERGE_BOUTON_POTENTIOMETRE_FOURCHE_OPTIQUE.X\MERGEFINAL.asm
               ledlum0pr1   0x000234    program     static C:\Users\nolan\MPLABXProjects\TEST13_MERGE_BOUTON_POTENTIOMETRE_FOURCHE_OPTIQUE.X\MERGEFINAL.asm
             ledlum0skip1   0x000238    program     static C:\Users\nolan\MPLABXProjects\TEST13_MERGE_BOUTON_POTENTIOMETRE_FOURCHE_OPTIQUE.X\MERGEFINAL.asm
               ledlum1pr1   0x000244    program     static C:\Users\nolan\MPLABXProjects\TEST13_MERGE_BOUTON_POTENTIOMETRE_FOURCHE_OPTIQUE.X\MERGEFINAL.asm
             ledlum1skip1   0x000274    program     static C:\Users\nolan\MPLABXProjects\TEST13_MERGE_BOUTON_POTENTIOMETRE_FOURCHE_OPTIQUE.X\MERGEFINAL.asm
               ledlum2pr1   0x000280    program     static C:\Users\nolan\MPLABXProjects\TEST13_MERGE_BOUTON_POTENTIOMETRE_FOURCHE_OPTIQUE.X\MERGEFINAL.asm
             ledlum2skip1   0x0002b0    program     static C:\Users\nolan\MPLABXProjects\TEST13_MERGE_BOUTON_POTENTIOMETRE_FOURCHE_OPTIQUE.X\MERGEFINAL.asm
               ledlum3pr1   0x0002bc    program     static C:\Users\nolan\MPLABXProjects\TEST13_MERGE_BOUTON_POTENTIOMETRE_FOURCHE_OPTIQUE.X\MERGEFINAL.asm
             ledlum3skip1   0x0002ec    program     static C:\Users\nolan\MPLABXProjects\TEST13_MERGE_BOUTON_POTENTIOMETRE_FOURCHE_OPTIQUE.X\MERGEFINAL.asm
               ledlum4pr1   0x0002f8    program     static C:\Users\nolan\MPLABXProjects\TEST13_MERGE_BOUTON_POTENTIOMETRE_FOURCHE_OPTIQUE.X\MERGEFINAL.asm
             ledlum4skip1   0x000328    program     static C:\Users\nolan\MPLABXProjects\TEST13_MERGE_BOUTON_POTENTIOMETRE_FOURCHE_OPTIQUE.X\MERGEFINAL.asm
                    prog2   0x00032a    program     static C:\Users\nolan\MPLABXProjects\TEST13_MERGE_BOUTON_POTENTIOMETRE_FOURCHE_OPTIQUE.X\MERGEFINAL.asm
               ledlum0pr2   0x000340    program     static C:\Users\nolan\MPLABXProjects\TEST13_MERGE_BOUTON_POTENTIOMETRE_FOURCHE_OPTIQUE.X\MERGEFINAL.asm
             ledlum0skip2   0x000344    program     static C:\Users\nolan\MPLABXProjects\TEST13_MERGE_BOUTON_POTENTIOMETRE_FOURCHE_OPTIQUE.X\MERGEFINAL.asm
               ledlum1pr2   0x000350    program     static C:\Users\nolan\MPLABXProjects\TEST13_MERGE_BOUTON_POTENTIOMETRE_FOURCHE_OPTIQUE.X\MERGEFINAL.asm
             ledlum1skip2   0x0003f0    program     static C:\Users\nolan\MPLABXProjects\TEST13_MERGE_BOUTON_POTENTIOMETRE_FOURCHE_OPTIQUE.X\MERGEFINAL.asm
               ledlum2pr2   0x0003fc    program     static C:\Users\nolan\MPLABXProjects\TEST13_MERGE_BOUTON_POTENTIOMETRE_FOURCHE_OPTIQUE.X\MERGEFINAL.asm
             ledlum2skip2   0x00049c    program     static C:\Users\nolan\MPLABXProjects\TEST13_MERGE_BOUTON_POTENTIOMETRE_FOURCHE_OPTIQUE.X\MERGEFINAL.asm
               ledlum3pr2   0x0004a8    program     static C:\Users\nolan\MPLABXProjects\TEST13_MERGE_BOUTON_POTENTIOMETRE_FOURCHE_OPTIQUE.X\MERGEFINAL.asm
             ledlum3skip2   0x000548    program     static C:\Users\nolan\MPLABXProjects\TEST13_MERGE_BOUTON_POTENTIOMETRE_FOURCHE_OPTIQUE.X\MERGEFINAL.asm
               ledlum4pr2   0x000554    program     static C:\Users\nolan\MPLABXProjects\TEST13_MERGE_BOUTON_POTENTIOMETRE_FOURCHE_OPTIQUE.X\MERGEFINAL.asm
             ledlum4skip2   0x0005bc    program     static C:\Users\nolan\MPLABXProjects\TEST13_MERGE_BOUTON_POTENTIOMETRE_FOURCHE_OPTIQUE.X\MERGEFINAL.asm
                    prog3   0x0005be    program     static C:\Users\nolan\MPLABXProjects\TEST13_MERGE_BOUTON_POTENTIOMETRE_FOURCHE_OPTIQUE.X\MERGEFINAL.asm
               ledlum0pr3   0x0005d4    program     static C:\Users\nolan\MPLABXProjects\TEST13_MERGE_BOUTON_POTENTIOMETRE_FOURCHE_OPTIQUE.X\MERGEFINAL.asm
             ledlum0skip3   0x0005d8    program     static C:\Users\nolan\MPLABXProjects\TEST13_MERGE_BOUTON_POTENTIOMETRE_FOURCHE_OPTIQUE.X\MERGEFINAL.asm
               ledlum1pr3   0x0005e4    program     static C:\Users\nolan\MPLABXProjects\TEST13_MERGE_BOUTON_POTENTIOMETRE_FOURCHE_OPTIQUE.X\MERGEFINAL.asm
             ledlum1skip3   0x0007c4    program     static C:\Users\nolan\MPLABXProjects\TEST13_MERGE_BOUTON_POTENTIOMETRE_FOURCHE_OPTIQUE.X\MERGEFINAL.asm
               ledlum2pr3   0x0007d0    program     static C:\Users\nolan\MPLABXProjects\TEST13_MERGE_BOUTON_POTENTIOMETRE_FOURCHE_OPTIQUE.X\MERGEFINAL.asm
             ledlum2skip3   0x0009b0    program     static C:\Users\nolan\MPLABXProjects\TEST13_MERGE_BOUTON_POTENTIOMETRE_FOURCHE_OPTIQUE.X\MERGEFINAL.asm
               ledlum3pr3   0x0009bc    program     static C:\Users\nolan\MPLABXProjects\TEST13_MERGE_BOUTON_POTENTIOMETRE_FOURCHE_OPTIQUE.X\MERGEFINAL.asm
             ledlum3skip3   0x000b9c    program     static C:\Users\nolan\MPLABXProjects\TEST13_MERGE_BOUTON_POTENTIOMETRE_FOURCHE_OPTIQUE.X\MERGEFINAL.asm
               ledlum4pr3   0x000ba8    program     static C:\Users\nolan\MPLABXProjects\TEST13_MERGE_BOUTON_POTENTIOMETRE_FOURCHE_OPTIQUE.X\MERGEFINAL.asm
             ledlum4skip3   0x000d88    program     static C:\Users\nolan\MPLABXProjects\TEST13_MERGE_BOUTON_POTENTIOMETRE_FOURCHE_OPTIQUE.X\MERGEFINAL.asm
                    prog4   0x000d8a    program     static C:\Users\nolan\MPLABXProjects\TEST13_MERGE_BOUTON_POTENTIOMETRE_FOURCHE_OPTIQUE.X\MERGEFINAL.asm
                    prog5   0x000d90    program     static C:\Users\nolan\MPLABXProjects\TEST13_MERGE_BOUTON_POTENTIOMETRE_FOURCHE_OPTIQUE.X\MERGEFINAL.asm
                    prog6   0x000d96    program     static C:\Users\nolan\MPLABXProjects\TEST13_MERGE_BOUTON_POTENTIOMETRE_FOURCHE_OPTIQUE.X\MERGEFINAL.asm
                    prog7   0x000d9c    program     static C:\Users\nolan\MPLABXProjects\TEST13_MERGE_BOUTON_POTENTIOMETRE_FOURCHE_OPTIQUE.X\MERGEFINAL.asm
                    prog8   0x000da2    program     static C:\Users\nolan\MPLABXProjects\TEST13_MERGE_BOUTON_POTENTIOMETRE_FOURCHE_OPTIQUE.X\MERGEFINAL.asm
                     bit0   0x000da8    program     static C:\Users\nolan\MPLABXProjects\TEST13_MERGE_BOUTON_POTENTIOMETRE_FOURCHE_OPTIQUE.X\MERGEFINAL.asm
                     bit1   0x000dc8    program     static C:\Users\nolan\MPLABXProjects\TEST13_MERGE_BOUTON_POTENTIOMETRE_FOURCHE_OPTIQUE.X\MERGEFINAL.asm
                 LEDROSE4   0x000dec    program     static C:\Users\nolan\MPLABXProjects\TEST13_MERGE_BOUTON_POTENTIOMETRE_FOURCHE_OPTIQUE.X\MERGEFINAL.asm
                 LEDROSE3   0x000e4e    program     static C:\Users\nolan\MPLABXProjects\TEST13_MERGE_BOUTON_POTENTIOMETRE_FOURCHE_OPTIQUE.X\MERGEFINAL.asm
                 LEDROSE2   0x000eb0    program     static C:\Users\nolan\MPLABXProjects\TEST13_MERGE_BOUTON_POTENTIOMETRE_FOURCHE_OPTIQUE.X\MERGEFINAL.asm
                 LEDROSE1   0x000f12    program     static C:\Users\nolan\MPLABXProjects\TEST13_MERGE_BOUTON_POTENTIOMETRE_FOURCHE_OPTIQUE.X\MERGEFINAL.asm
                LEDJAUNE4   0x000f74    program     static C:\Users\nolan\MPLABXProjects\TEST13_MERGE_BOUTON_POTENTIOMETRE_FOURCHE_OPTIQUE.X\MERGEFINAL.asm
                LEDJAUNE3   0x000fd6    program     static C:\Users\nolan\MPLABXProjects\TEST13_MERGE_BOUTON_POTENTIOMETRE_FOURCHE_OPTIQUE.X\MERGEFINAL.asm
                LEDJAUNE2   0x001038    program     static C:\Users\nolan\MPLABXProjects\TEST13_MERGE_BOUTON_POTENTIOMETRE_FOURCHE_OPTIQUE.X\MERGEFINAL.asm
                LEDJAUNE1   0x00109a    program     static C:\Users\nolan\MPLABXProjects\TEST13_MERGE_BOUTON_POTENTIOMETRE_FOURCHE_OPTIQUE.X\MERGEFINAL.asm
                LEDGREEN4   0x0010fc    program     static C:\Users\nolan\MPLABXProjects\TEST13_MERGE_BOUTON_POTENTIOMETRE_FOURCHE_OPTIQUE.X\MERGEFINAL.asm
                LEDGREEN3   0x00115e    program     static C:\Users\nolan\MPLABXProjects\TEST13_MERGE_BOUTON_POTENTIOMETRE_FOURCHE_OPTIQUE.X\MERGEFINAL.asm
                LEDGREEN2   0x0011c0    program     static C:\Users\nolan\MPLABXProjects\TEST13_MERGE_BOUTON_POTENTIOMETRE_FOURCHE_OPTIQUE.X\MERGEFINAL.asm
                LEDGREEN1   0x001222    program     static C:\Users\nolan\MPLABXProjects\TEST13_MERGE_BOUTON_POTENTIOMETRE_FOURCHE_OPTIQUE.X\MERGEFINAL.asm
                LEDROUGE4   0x001284    program     static C:\Users\nolan\MPLABXProjects\TEST13_MERGE_BOUTON_POTENTIOMETRE_FOURCHE_OPTIQUE.X\MERGEFINAL.asm
                LEDROUGE3   0x0012e6    program     static C:\Users\nolan\MPLABXProjects\TEST13_MERGE_BOUTON_POTENTIOMETRE_FOURCHE_OPTIQUE.X\MERGEFINAL.asm
                LEDROUGE2   0x001348    program     static C:\Users\nolan\MPLABXProjects\TEST13_MERGE_BOUTON_POTENTIOMETRE_FOURCHE_OPTIQUE.X\MERGEFINAL.asm
                LEDROUGE1   0x0013aa    program     static C:\Users\nolan\MPLABXProjects\TEST13_MERGE_BOUTON_POTENTIOMETRE_FOURCHE_OPTIQUE.X\MERGEFINAL.asm
                LEDBLEUE4   0x00140c    program     static C:\Users\nolan\MPLABXProjects\TEST13_MERGE_BOUTON_POTENTIOMETRE_FOURCHE_OPTIQUE.X\MERGEFINAL.asm
                LEDBLEUE3   0x00146e    program     static C:\Users\nolan\MPLABXProjects\TEST13_MERGE_BOUTON_POTENTIOMETRE_FOURCHE_OPTIQUE.X\MERGEFINAL.asm
                LEDBLEUE2   0x0014d0    program     static C:\Users\nolan\MPLABXProjects\TEST13_MERGE_BOUTON_POTENTIOMETRE_FOURCHE_OPTIQUE.X\MERGEFINAL.asm
                LEDBLEUE1   0x001532    program     static C:\Users\nolan\MPLABXProjects\TEST13_MERGE_BOUTON_POTENTIOMETRE_FOURCHE_OPTIQUE.X\MERGEFINAL.asm
              LED_ETEINTE   0x001594    program     static C:\Users\nolan\MPLABXProjects\TEST13_MERGE_BOUTON_POTENTIOMETRE_FOURCHE_OPTIQUE.X\MERGEFINAL.asm
                 DELAYNOP   0x0015f6    program     static C:\Users\nolan\MPLABXProjects\TEST13_MERGE_BOUTON_POTENTIOMETRE_FOURCHE_OPTIQUE.X\MERGEFINAL.asm
                     dol3   0x0015f8    program     static C:\Users\nolan\MPLABXProjects\TEST13_MERGE_BOUTON_POTENTIOMETRE_FOURCHE_OPTIQUE.X\MERGEFINAL.asm
                DELAYNOPP   0x001606    program     static C:\Users\nolan\MPLABXProjects\TEST13_MERGE_BOUTON_POTENTIOMETRE_FOURCHE_OPTIQUE.X\MERGEFINAL.asm
                     do14   0x00160a    program     static C:\Users\nolan\MPLABXProjects\TEST13_MERGE_BOUTON_POTENTIOMETRE_FOURCHE_OPTIQUE.X\MERGEFINAL.asm
                     prog   0x000000       data     static C:\Users\nolan\MPLABXProjects\TEST13_MERGE_BOUTON_POTENTIOMETRE_FOURCHE_OPTIQUE.X\MERGEFINAL.asm
            isbtn1pressed   0x000001       data     static C:\Users\nolan\MPLABXProjects\TEST13_MERGE_BOUTON_POTENTIOMETRE_FOURCHE_OPTIQUE.X\MERGEFINAL.asm
            isbtn0pressed   0x000002       data     static C:\Users\nolan\MPLABXProjects\TEST13_MERGE_BOUTON_POTENTIOMETRE_FOURCHE_OPTIQUE.X\MERGEFINAL.asm
                       un   0x000003       data     static C:\Users\nolan\MPLABXProjects\TEST13_MERGE_BOUTON_POTENTIOMETRE_FOURCHE_OPTIQUE.X\MERGEFINAL.asm
                     deux   0x000004       data     static C:\Users\nolan\MPLABXProjects\TEST13_MERGE_BOUTON_POTENTIOMETRE_FOURCHE_OPTIQUE.X\MERGEFINAL.asm
                    trois   0x000005       data     static C:\Users\nolan\MPLABXProjects\TEST13_MERGE_BOUTON_POTENTIOMETRE_FOURCHE_OPTIQUE.X\MERGEFINAL.asm
                   quatre   0x000006       data     static C:\Users\nolan\MPLABXProjects\TEST13_MERGE_BOUTON_POTENTIOMETRE_FOURCHE_OPTIQUE.X\MERGEFINAL.asm
                     cinq   0x000007       data     static C:\Users\nolan\MPLABXProjects\TEST13_MERGE_BOUTON_POTENTIOMETRE_FOURCHE_OPTIQUE.X\MERGEFINAL.asm
                      six   0x000008       data     static C:\Users\nolan\MPLABXProjects\TEST13_MERGE_BOUTON_POTENTIOMETRE_FOURCHE_OPTIQUE.X\MERGEFINAL.asm
                     sept   0x000009       data     static C:\Users\nolan\MPLABXProjects\TEST13_MERGE_BOUTON_POTENTIOMETRE_FOURCHE_OPTIQUE.X\MERGEFINAL.asm
                     huit   0x00000a       data     static C:\Users\nolan\MPLABXProjects\TEST13_MERGE_BOUTON_POTENTIOMETRE_FOURCHE_OPTIQUE.X\MERGEFINAL.asm
                   NB_LED   0x00000b       data     static C:\Users\nolan\MPLABXProjects\TEST13_MERGE_BOUTON_POTENTIOMETRE_FOURCHE_OPTIQUE.X\MERGEFINAL.asm
                 RESULTHI   0x00000c       data     static C:\Users\nolan\MPLABXProjects\TEST13_MERGE_BOUTON_POTENTIOMETRE_FOURCHE_OPTIQUE.X\MERGEFINAL.asm
                 RESULTLO   0x00000d       data     static C:\Users\nolan\MPLABXProjects\TEST13_MERGE_BOUTON_POTENTIOMETRE_FOURCHE_OPTIQUE.X\MERGEFINAL.asm
                    incre   0x00000e       data     static C:\Users\nolan\MPLABXProjects\TEST13_MERGE_BOUTON_POTENTIOMETRE_FOURCHE_OPTIQUE.X\MERGEFINAL.asm
               luminosite   0x00000f       data     static C:\Users\nolan\MPLABXProjects\TEST13_MERGE_BOUTON_POTENTIOMETRE_FOURCHE_OPTIQUE.X\MERGEFINAL.asm
                  onetime   0x000010       data     static C:\Users\nolan\MPLABXProjects\TEST13_MERGE_BOUTON_POTENTIOMETRE_FOURCHE_OPTIQUE.X\MERGEFINAL.asm
              alreadysend   0x000011       data     static C:\Users\nolan\MPLABXProjects\TEST13_MERGE_BOUTON_POTENTIOMETRE_FOURCHE_OPTIQUE.X\MERGEFINAL.asm
                    nbnop   0x000012       data     static C:\Users\nolan\MPLABXProjects\TEST13_MERGE_BOUTON_POTENTIOMETRE_FOURCHE_OPTIQUE.X\MERGEFINAL.asm
                   nbnop2   0x000013       data     static C:\Users\nolan\MPLABXProjects\TEST13_MERGE_BOUTON_POTENTIOMETRE_FOURCHE_OPTIQUE.X\MERGEFINAL.asm
                    delay   0x000014       data     static C:\Users\nolan\MPLABXProjects\TEST13_MERGE_BOUTON_POTENTIOMETRE_FOURCHE_OPTIQUE.X\MERGEFINAL.asm


