MPLINK 5.09, LINKER
Linker Map File - Created Wed Nov 15 09:55:31 2023

                                 Section Info
                  Section       Type    Address   Location Size(Bytes)
                ---------  ---------  ---------  ---------  ---------
                 RES_VECT       code   0x000000    program   0x000004
                   .cinit    romdata   0x000004    program   0x000002
                MAIN_PROG       code   0x000006    program   0x00001c
                   groupl      udata   0x000100       data   0x000010



                              Program Memory Usage 
                               Start         End      
                           ---------   ---------      
                            0x000000    0x000021      
            34 out of 8472 program addresses used, program memory utilization is 0%



                              Symbols - Sorted by Name
                     Name    Address   Location    Storage File                     
                ---------  ---------  ---------  --------- ---------                
                   Boucle   0x00000a    program     static C:\Users\Administrateur\MPLABXProjects\TP_EX1.X\Exercice1.asm
                     Main   0x00001a    program     static C:\Users\Administrateur\MPLABXProjects\TP_EX1.X\Exercice1.asm
                    NLESS   0x000006    program     static C:\Users\Administrateur\MPLABXProjects\TP_EX1.X\Exercice1.asm
                 compteur   0x000100       data     static C:\Users\Administrateur\MPLABXProjects\TP_EX1.X\Exercice1.asm



                              Symbols - Sorted by Address
                     Name    Address   Location    Storage File                     
                ---------  ---------  ---------  --------- ---------                
                    NLESS   0x000006    program     static C:\Users\Administrateur\MPLABXProjects\TP_EX1.X\Exercice1.asm
                   Boucle   0x00000a    program     static C:\Users\Administrateur\MPLABXProjects\TP_EX1.X\Exercice1.asm
                     Main   0x00001a    program     static C:\Users\Administrateur\MPLABXProjects\TP_EX1.X\Exercice1.asm
                 compteur   0x000100       data     static C:\Users\Administrateur\MPLABXProjects\TP_EX1.X\Exercice1.asm


