MPLINK 5.09, LINKER
Linker Map File - Created Tue Nov 28 23:24:16 2023

                                 Section Info
                  Section       Type    Address   Location Size(Bytes)
                ---------  ---------  ---------  ---------  ---------
                   .org_0       code   0x000000    program   0x000032
                   .cinit    romdata   0x000032    program   0x000002
.config_300001_BUILD/DEFAULT/PRODUCTION/EX12.O    romdata   0x300001    program   0x000001
.config_300003_BUILD/DEFAULT/PRODUCTION/EX12.O    romdata   0x300003    program   0x000001
.config_300005_BUILD/DEFAULT/PRODUCTION/EX12.O    romdata   0x300005    program   0x000001
.config_300006_BUILD/DEFAULT/PRODUCTION/EX12.O    romdata   0x300006    program   0x000001



                              Program Memory Usage 
                               Start         End      
                           ---------   ---------      
                            0x000000    0x000033      
                            0x300001    0x300001      
                            0x300003    0x300003      
                            0x300005    0x300006      
            56 out of 8472 program addresses used, program memory utilization is 0%



                              Symbols - Sorted by Name
                     Name    Address   Location    Storage File                     
                ---------  ---------  ---------  --------- ---------                
                     MAIN   0x000004    program     static C:\Users\Administrateur\MPLABXProjects\TP_EX12.X\EX12.asm
               UpdateLEDs   0x000030    program     static C:\Users\Administrateur\MPLABXProjects\TP_EX12.X\EX12.asm
       attente_conversion   0x000020    program     static C:\Users\Administrateur\MPLABXProjects\TP_EX12.X\EX12.asm
               boucle_adc   0x00001a    program     static C:\Users\Administrateur\MPLABXProjects\TP_EX12.X\EX12.asm



                              Symbols - Sorted by Address
                     Name    Address   Location    Storage File                     
                ---------  ---------  ---------  --------- ---------                
                     MAIN   0x000004    program     static C:\Users\Administrateur\MPLABXProjects\TP_EX12.X\EX12.asm
               boucle_adc   0x00001a    program     static C:\Users\Administrateur\MPLABXProjects\TP_EX12.X\EX12.asm
       attente_conversion   0x000020    program     static C:\Users\Administrateur\MPLABXProjects\TP_EX12.X\EX12.asm
               UpdateLEDs   0x000030    program     static C:\Users\Administrateur\MPLABXProjects\TP_EX12.X\EX12.asm


